  Determinando os projetos a serem restaurados...
C:\Pos\QuartaFase\OSService\FiapOficina.ServiceDefaults\FiapOficina.ServiceDefaults.csproj : warning NU1902: O pacote 'OpenTelemetry.Api' 1.15.0 tem uma moderado vulnerabilidade de gravidade conhecida, https://github.com/advisories/GHSA-g94r-2vxg-569j [C:\Pos\QuartaFase\OSService\FiapOficina.OSService.slnx]
C:\Pos\QuartaFase\OSService\FiapOficina.ServiceDefaults\FiapOficina.ServiceDefaults.csproj : warning NU1902: O pacote 'OpenTelemetry.Exporter.OpenTelemetryProtocol' 1.15.0 tem uma moderado vulnerabilidade de gravidade conhecida, https://github.com/advisories/GHSA-4625-4j76-fww9 [C:\Pos\QuartaFase\OSService\FiapOficina.OSService.slnx]
C:\Pos\QuartaFase\OSService\FiapOficina.ServiceDefaults\FiapOficina.ServiceDefaults.csproj : warning NU1902: O pacote 'OpenTelemetry.Exporter.OpenTelemetryProtocol' 1.15.0 tem uma moderado vulnerabilidade de gravidade conhecida, https://github.com/advisories/GHSA-mr8r-92fq-pj8p [C:\Pos\QuartaFase\OSService\FiapOficina.OSService.slnx]
C:\Pos\QuartaFase\OSService\FiapOficina.ServiceDefaults\FiapOficina.ServiceDefaults.csproj : warning NU1902: O pacote 'OpenTelemetry.Exporter.OpenTelemetryProtocol' 1.15.0 tem uma moderado vulnerabilidade de gravidade conhecida, https://github.com/advisories/GHSA-q834-8qmm-v933 [C:\Pos\QuartaFase\OSService\FiapOficina.OSService.slnx]
C:\Pos\QuartaFase\OSService\FiapOficina.OSService\src\FiapOficina.OSService.Api\FiapOficina.OSService.Api.csproj : warning NU1603: FiapOficina.OSService.Api depende de Aspire.Npgsql.EntityFrameworkCore.PostgreSQL (>= 10.0.3), mas Aspire.Npgsql.EntityFrameworkCore.PostgreSQL 10.0.3 não foi encontrado. Aspire.Npgsql.EntityFrameworkCore.PostgreSQL 13.0.1 foi resolvido em vez disso. [C:\Pos\QuartaFase\OSService\FiapOficina.OSService.slnx]
C:\Pos\QuartaFase\OSService\FiapOficina.OSService\src\FiapOficina.OSService.Api\FiapOficina.OSService.Api.csproj : warning NU1902: O pacote 'OpenTelemetry.Api' 1.15.0 tem uma moderado vulnerabilidade de gravidade conhecida, https://github.com/advisories/GHSA-g94r-2vxg-569j [C:\Pos\QuartaFase\OSService\FiapOficina.OSService.slnx]
C:\Pos\QuartaFase\OSService\FiapOficina.OSService\src\FiapOficina.OSService.Api\FiapOficina.OSService.Api.csproj : warning NU1902: O pacote 'OpenTelemetry.Exporter.OpenTelemetryProtocol' 1.15.0 tem uma moderado vulnerabilidade de gravidade conhecida, https://github.com/advisories/GHSA-4625-4j76-fww9 [C:\Pos\QuartaFase\OSService\FiapOficina.OSService.slnx]
C:\Pos\QuartaFase\OSService\FiapOficina.OSService\src\FiapOficina.OSService.Api\FiapOficina.OSService.Api.csproj : warning NU1902: O pacote 'OpenTelemetry.Exporter.OpenTelemetryProtocol' 1.15.0 tem uma moderado vulnerabilidade de gravidade conhecida, https://github.com/advisories/GHSA-mr8r-92fq-pj8p [C:\Pos\QuartaFase\OSService\FiapOficina.OSService.slnx]
C:\Pos\QuartaFase\OSService\FiapOficina.OSService\src\FiapOficina.OSService.Api\FiapOficina.OSService.Api.csproj : warning NU1902: O pacote 'OpenTelemetry.Exporter.OpenTelemetryProtocol' 1.15.0 tem uma moderado vulnerabilidade de gravidade conhecida, https://github.com/advisories/GHSA-q834-8qmm-v933 [C:\Pos\QuartaFase\OSService\FiapOficina.OSService.slnx]
C:\Pos\QuartaFase\OSService\FiapOficina.OSService\tests\FiapOficina.OSService.Tests\FiapOficina.OSService.Tests.csproj : warning NU1603: FiapOficina.OSService.Api depende de Aspire.Npgsql.EntityFrameworkCore.PostgreSQL (>= 10.0.3), mas Aspire.Npgsql.EntityFrameworkCore.PostgreSQL 10.0.3 não foi encontrado. Aspire.Npgsql.EntityFrameworkCore.PostgreSQL 13.0.1 foi resolvido em vez disso. [C:\Pos\QuartaFase\OSService\FiapOficina.OSService.slnx]
C:\Pos\QuartaFase\OSService\FiapOficina.OSService\tests\FiapOficina.OSService.Tests\FiapOficina.OSService.Tests.csproj : warning NU1902: O pacote 'OpenTelemetry.Api' 1.15.0 tem uma moderado vulnerabilidade de gravidade conhecida, https://github.com/advisories/GHSA-g94r-2vxg-569j [C:\Pos\QuartaFase\OSService\FiapOficina.OSService.slnx]
C:\Pos\QuartaFase\OSService\FiapOficina.OSService\tests\FiapOficina.OSService.Tests\FiapOficina.OSService.Tests.csproj : warning NU1902: O pacote 'OpenTelemetry.Exporter.OpenTelemetryProtocol' 1.15.0 tem uma moderado vulnerabilidade de gravidade conhecida, https://github.com/advisories/GHSA-4625-4j76-fww9 [C:\Pos\QuartaFase\OSService\FiapOficina.OSService.slnx]
C:\Pos\QuartaFase\OSService\FiapOficina.OSService\tests\FiapOficina.OSService.Tests\FiapOficina.OSService.Tests.csproj : warning NU1902: O pacote 'OpenTelemetry.Exporter.OpenTelemetryProtocol' 1.15.0 tem uma moderado vulnerabilidade de gravidade conhecida, https://github.com/advisories/GHSA-mr8r-92fq-pj8p [C:\Pos\QuartaFase\OSService\FiapOficina.OSService.slnx]
C:\Pos\QuartaFase\OSService\FiapOficina.OSService\tests\FiapOficina.OSService.Tests\FiapOficina.OSService.Tests.csproj : warning NU1902: O pacote 'OpenTelemetry.Exporter.OpenTelemetryProtocol' 1.15.0 tem uma moderado vulnerabilidade de gravidade conhecida, https://github.com/advisories/GHSA-q834-8qmm-v933 [C:\Pos\QuartaFase\OSService\FiapOficina.OSService.slnx]
  Todos os projetos estão atualizados para restauração.
C:\Pos\QuartaFase\OSService\FiapOficina.OSService\tests\FiapOficina.OSService.Tests\FiapOficina.OSService.Tests.csproj : warning NU1603: FiapOficina.OSService.Api depende de Aspire.Npgsql.EntityFrameworkCore.PostgreSQL (>= 10.0.3), mas Aspire.Npgsql.EntityFrameworkCore.PostgreSQL 10.0.3 não foi encontrado. Aspire.Npgsql.EntityFrameworkCore.PostgreSQL 13.0.1 foi resolvido em vez disso.
C:\Pos\QuartaFase\OSService\FiapOficina.OSService\tests\FiapOficina.OSService.Tests\FiapOficina.OSService.Tests.csproj : warning NU1902: O pacote 'OpenTelemetry.Api' 1.15.0 tem uma moderado vulnerabilidade de gravidade conhecida, https://github.com/advisories/GHSA-g94r-2vxg-569j
C:\Pos\QuartaFase\OSService\FiapOficina.OSService\tests\FiapOficina.OSService.Tests\FiapOficina.OSService.Tests.csproj : warning NU1902: O pacote 'OpenTelemetry.Exporter.OpenTelemetryProtocol' 1.15.0 tem uma moderado vulnerabilidade de gravidade conhecida, https://github.com/advisories/GHSA-4625-4j76-fww9
C:\Pos\QuartaFase\OSService\FiapOficina.OSService\tests\FiapOficina.OSService.Tests\FiapOficina.OSService.Tests.csproj : warning NU1902: O pacote 'OpenTelemetry.Exporter.OpenTelemetryProtocol' 1.15.0 tem uma moderado vulnerabilidade de gravidade conhecida, https://github.com/advisories/GHSA-mr8r-92fq-pj8p
C:\Pos\QuartaFase\OSService\FiapOficina.OSService\tests\FiapOficina.OSService.Tests\FiapOficina.OSService.Tests.csproj : warning NU1902: O pacote 'OpenTelemetry.Exporter.OpenTelemetryProtocol' 1.15.0 tem uma moderado vulnerabilidade de gravidade conhecida, https://github.com/advisories/GHSA-q834-8qmm-v933
C:\Pos\QuartaFase\OSService\FiapOficina.ServiceDefaults\FiapOficina.ServiceDefaults.csproj : warning NU1902: O pacote 'OpenTelemetry.Api' 1.15.0 tem uma moderado vulnerabilidade de gravidade conhecida, https://github.com/advisories/GHSA-g94r-2vxg-569j
C:\Pos\QuartaFase\OSService\FiapOficina.ServiceDefaults\FiapOficina.ServiceDefaults.csproj : warning NU1902: O pacote 'OpenTelemetry.Exporter.OpenTelemetryProtocol' 1.15.0 tem uma moderado vulnerabilidade de gravidade conhecida, https://github.com/advisories/GHSA-4625-4j76-fww9
C:\Pos\QuartaFase\OSService\FiapOficina.ServiceDefaults\FiapOficina.ServiceDefaults.csproj : warning NU1902: O pacote 'OpenTelemetry.Exporter.OpenTelemetryProtocol' 1.15.0 tem uma moderado vulnerabilidade de gravidade conhecida, https://github.com/advisories/GHSA-mr8r-92fq-pj8p
C:\Pos\QuartaFase\OSService\FiapOficina.ServiceDefaults\FiapOficina.ServiceDefaults.csproj : warning NU1902: O pacote 'OpenTelemetry.Exporter.OpenTelemetryProtocol' 1.15.0 tem uma moderado vulnerabilidade de gravidade conhecida, https://github.com/advisories/GHSA-q834-8qmm-v933
C:\Pos\QuartaFase\OSService\FiapOficina.OSService\src\FiapOficina.OSService.Api\FiapOficina.OSService.Api.csproj : warning NU1603: FiapOficina.OSService.Api depende de Aspire.Npgsql.EntityFrameworkCore.PostgreSQL (>= 10.0.3), mas Aspire.Npgsql.EntityFrameworkCore.PostgreSQL 10.0.3 não foi encontrado. Aspire.Npgsql.EntityFrameworkCore.PostgreSQL 13.0.1 foi resolvido em vez disso.
C:\Pos\QuartaFase\OSService\FiapOficina.OSService\src\FiapOficina.OSService.Api\FiapOficina.OSService.Api.csproj : warning NU1902: O pacote 'OpenTelemetry.Api' 1.15.0 tem uma moderado vulnerabilidade de gravidade conhecida, https://github.com/advisories/GHSA-g94r-2vxg-569j
C:\Pos\QuartaFase\OSService\FiapOficina.OSService\src\FiapOficina.OSService.Api\FiapOficina.OSService.Api.csproj : warning NU1902: O pacote 'OpenTelemetry.Exporter.OpenTelemetryProtocol' 1.15.0 tem uma moderado vulnerabilidade de gravidade conhecida, https://github.com/advisories/GHSA-4625-4j76-fww9
C:\Pos\QuartaFase\OSService\FiapOficina.OSService\src\FiapOficina.OSService.Api\FiapOficina.OSService.Api.csproj : warning NU1902: O pacote 'OpenTelemetry.Exporter.OpenTelemetryProtocol' 1.15.0 tem uma moderado vulnerabilidade de gravidade conhecida, https://github.com/advisories/GHSA-mr8r-92fq-pj8p
C:\Pos\QuartaFase\OSService\FiapOficina.OSService\src\FiapOficina.OSService.Api\FiapOficina.OSService.Api.csproj : warning NU1902: O pacote 'OpenTelemetry.Exporter.OpenTelemetryProtocol' 1.15.0 tem uma moderado vulnerabilidade de gravidade conhecida, https://github.com/advisories/GHSA-q834-8qmm-v933
  FiapOficina.Contracts -> C:\Pos\QuartaFase\OSService\FiapOficina.Contracts\bin\Debug\net10.0\FiapOficina.Contracts.dll
  FiapOficina.ServiceDefaults -> C:\Pos\QuartaFase\OSService\FiapOficina.ServiceDefaults\bin\Debug\net10.0\FiapOficina.ServiceDefaults.dll
  FiapOficina.OSService.Api -> C:\Pos\QuartaFase\OSService\FiapOficina.OSService\src\FiapOficina.OSService.Api\bin\Debug\net10.0\FiapOficina.OSService.Api.dll
  FiapOficina.OSService.Tests -> C:\Pos\QuartaFase\OSService\FiapOficina.OSService\tests\FiapOficina.OSService.Tests\bin\Debug\net10.0\FiapOficina.OSService.Tests.dll
Execução de teste para C:\Pos\QuartaFase\OSService\FiapOficina.OSService\tests\FiapOficina.OSService.Tests\bin\Debug\net10.0\FiapOficina.OSService.Tests.dll (.NETCoreApp,Version=v10.0)
Versão do VSTest 18.0.1 (x64)

Iniciando execução de teste, espere...
1 arquivos de teste no total corresponderam ao padrão especificado.
[xUnit.net 00:00:00.00] xUnit.net VSTest Adapter v3.0.2+dd36e86129 (64-bit .NET 10.0.3)
[xUnit.net 00:00:00.14]   Discovering: FiapOficina.OSService.Tests
[xUnit.net 00:00:00.21]   Discovered:  FiapOficina.OSService.Tests
[xUnit.net 00:00:00.24]   Starting:    FiapOficina.OSService.Tests
[xUnit.net 00:00:00.71]       System.InvalidOperationException : The entity type 'OrderState' requires a primary key to be defined. If you intended to use a keyless entity type, call 'HasNoKey' in 'OnModelCreating'. For more information on keyless entity types, see https://go.microsoft.com/fwlink/?linkid=2141943.
[xUnit.net 00:00:00.71]       Stack Trace:
[xUnit.net 00:00:00.71]            at Microsoft.EntityFrameworkCore.Infrastructure.ModelValidator.ValidateNonNullPrimaryKeys(IModel model, IDiagnosticsLogger`1 logger)
[xUnit.net 00:00:00.71]            at Microsoft.EntityFrameworkCore.Infrastructure.ModelValidator.Validate(IModel model, IDiagnosticsLogger`1 logger)
[xUnit.net 00:00:00.71]            at Microsoft.EntityFrameworkCore.InMemory.Infrastructure.Internal.InMemoryModelValidator.Validate(IModel model, IDiagnosticsLogger`1 logger)
[xUnit.net 00:00:00.71]            at Microsoft.EntityFrameworkCore.Infrastructure.ModelRuntimeInitializer.Initialize(IModel model, Boolean designTime, IDiagnosticsLogger`1 validationLogger)
[xUnit.net 00:00:00.71]            at Microsoft.EntityFrameworkCore.Infrastructure.ModelSource.CreateModel(DbContext context, ModelCreationDependencies modelCreationDependencies, Boolean designTime)
[xUnit.net 00:00:00.71]            at Microsoft.EntityFrameworkCore.Infrastructure.ModelSource.GetModel(DbContext context, ModelCreationDependencies modelCreationDependencies, Boolean designTime)
[xUnit.net 00:00:00.72]            at Microsoft.EntityFrameworkCore.Internal.DbContextServices.CreateModel(Boolean designTime)
[xUnit.net 00:00:00.72]            at Microsoft.EntityFrameworkCore.Internal.DbContextServices.get_Model()
[xUnit.net 00:00:00.72]            at Microsoft.EntityFrameworkCore.Infrastructure.EntityFrameworkServicesBuilder.<>c.<TryAddCoreServices>b__8_4(IServiceProvider p)
[xUnit.net 00:00:00.72]            at Microsoft.Extensions.DependencyInjection.ServiceLookup.CallSiteRuntimeResolver.VisitCache(ServiceCallSite callSite, RuntimeResolverContext context, ServiceProviderEngineScope serviceProviderEngine, RuntimeResolverLock lockType)
[xUnit.net 00:00:00.72]            at Microsoft.Extensions.DependencyInjection.ServiceLookup.CallSiteRuntimeResolver.VisitScopeCache(ServiceCallSite callSite, RuntimeResolverContext context)
[xUnit.net 00:00:00.72]            at Microsoft.Extensions.DependencyInjection.ServiceLookup.CallSiteRuntimeResolver.VisitConstructor(ConstructorCallSite constructorCallSite, RuntimeResolverContext context)
[xUnit.net 00:00:00.72]            at Microsoft.Extensions.DependencyInjection.ServiceLookup.CallSiteRuntimeResolver.VisitCache(ServiceCallSite callSite, RuntimeResolverContext context, ServiceProviderEngineScope serviceProviderEngine, RuntimeResolverLock lockType)
[xUnit.net 00:00:00.72]            at Microsoft.Extensions.DependencyInjection.ServiceLookup.CallSiteRuntimeResolver.VisitScopeCache(ServiceCallSite callSite, RuntimeResolverContext context)
[xUnit.net 00:00:00.72]            at Microsoft.Extensions.DependencyInjection.ServiceLookup.CallSiteRuntimeResolver.VisitConstructor(ConstructorCallSite constructorCallSite, RuntimeResolverContext context)
[xUnit.net 00:00:00.72]            at Microsoft.Extensions.DependencyInjection.ServiceLookup.CallSiteRuntimeResolver.VisitCache(ServiceCallSite callSite, RuntimeResolverContext context, ServiceProviderEngineScope serviceProviderEngine, RuntimeResolverLock lockType)
[xUnit.net 00:00:00.72]            at Microsoft.Extensions.DependencyInjection.ServiceLookup.CallSiteRuntimeResolver.VisitScopeCache(ServiceCallSite callSite, RuntimeResolverContext context)
[xUnit.net 00:00:00.72]            at Microsoft.Extensions.DependencyInjection.ServiceLookup.CallSiteRuntimeResolver.VisitConstructor(ConstructorCallSite constructorCallSite, RuntimeResolverContext context)
[xUnit.net 00:00:00.72]            at Microsoft.Extensions.DependencyInjection.ServiceLookup.CallSiteRuntimeResolver.VisitCache(ServiceCallSite callSite, RuntimeResolverContext context, ServiceProviderEngineScope serviceProviderEngine, RuntimeResolverLock lockType)
[xUnit.net 00:00:00.72]            at Microsoft.Extensions.DependencyInjection.ServiceLookup.CallSiteRuntimeResolver.VisitScopeCache(ServiceCallSite callSite, RuntimeResolverContext context)
[xUnit.net 00:00:00.72]            at Microsoft.Extensions.DependencyInjection.ServiceLookup.CallSiteRuntimeResolver.VisitConstructor(ConstructorCallSite constructorCallSite, RuntimeResolverContext context)
[xUnit.net 00:00:00.72]            at Microsoft.Extensions.DependencyInjection.ServiceLookup.CallSiteRuntimeResolver.VisitCache(ServiceCallSite callSite, RuntimeResolverContext context, ServiceProviderEngineScope serviceProviderEngine, RuntimeResolverLock lockType)
[xUnit.net 00:00:00.72]            at Microsoft.Extensions.DependencyInjection.ServiceLookup.CallSiteRuntimeResolver.VisitScopeCache(ServiceCallSite callSite, RuntimeResolverContext context)
[xUnit.net 00:00:00.72]            at Microsoft.Extensions.DependencyInjection.ServiceLookup.CallSiteRuntimeResolver.VisitConstructor(ConstructorCallSite constructorCallSite, RuntimeResolverContext context)
[xUnit.net 00:00:00.72]            at Microsoft.Extensions.DependencyInjection.ServiceLookup.CallSiteRuntimeResolver.VisitCache(ServiceCallSite callSite, RuntimeResolverContext context, ServiceProviderEngineScope serviceProviderEngine, RuntimeResolverLock lockType)
[xUnit.net 00:00:00.72]            at Microsoft.Extensions.DependencyInjection.ServiceLookup.CallSiteRuntimeResolver.VisitScopeCache(ServiceCallSite callSite, RuntimeResolverContext context)
[xUnit.net 00:00:00.72]            at Microsoft.Extensions.DependencyInjection.ServiceLookup.CallSiteRuntimeResolver.Resolve(ServiceCallSite callSite, ServiceProviderEngineScope scope)
[xUnit.net 00:00:00.72]            at Microsoft.Extensions.DependencyInjection.ServiceLookup.DynamicServiceProviderEngine.<>c__DisplayClass2_0.<RealizeService>b__0(ServiceProviderEngineScope scope)
[xUnit.net 00:00:00.72]            at Microsoft.Extensions.DependencyInjection.ServiceProvider.GetService(ServiceIdentifier serviceIdentifier, ServiceProviderEngineScope serviceProviderEngineScope)
[xUnit.net 00:00:00.72]            at Microsoft.Extensions.DependencyInjection.ServiceLookup.ServiceProviderEngineScope.GetService(Type serviceType)
[xUnit.net 00:00:00.72]            at Microsoft.Extensions.DependencyInjection.ServiceProviderServiceExtensions.GetRequiredService(IServiceProvider provider, Type serviceType)
[xUnit.net 00:00:00.72]            at Microsoft.Extensions.DependencyInjection.ServiceProviderServiceExtensions.GetRequiredService[T](IServiceProvider provider)
[xUnit.net 00:00:00.72]            at Microsoft.EntityFrameworkCore.DbContext.get_DbContextDependencies()
[xUnit.net 00:00:00.72]            at Microsoft.EntityFrameworkCore.DbContext.get_ContextServices()
[xUnit.net 00:00:00.72]            at Microsoft.EntityFrameworkCore.DbContext.get_InternalServiceProvider()
[xUnit.net 00:00:00.72]            at Microsoft.EntityFrameworkCore.DbContext.get_DbContextDependencies()
[xUnit.net 00:00:00.72]            at Microsoft.EntityFrameworkCore.DbContext.Microsoft.EntityFrameworkCore.Internal.IDbContextDependencies.get_StateManager()
[xUnit.net 00:00:00.73]            at Microsoft.EntityFrameworkCore.Internal.InternalDbSet`1.EntryWithoutDetectChanges(TEntity entity)
[xUnit.net 00:00:00.73]            at Microsoft.EntityFrameworkCore.Internal.InternalDbSet`1.Add(TEntity entity)
[xUnit.net 00:00:00.73]         C:\Pos\QuartaFase\OSService\FiapOficina.OSService\tests\FiapOficina.OSService.Tests\UserControllerTests.cs(79,0): at FiapOficina.OSService.Tests.UserControllerTests.CreateUser_ShouldReturnBadRequest_WhenUsernameAlreadyExists()
[xUnit.net 00:00:00.73]         --- End of stack trace from previous location ---
[xUnit.net 00:00:00.75]       System.InvalidOperationException : The entity type 'OrderState' requires a primary key to be defined. If you intended to use a keyless entity type, call 'HasNoKey' in 'OnModelCreating'. For more information on keyless entity types, see https://go.microsoft.com/fwlink/?linkid=2141943.
[xUnit.net 00:00:00.75]       Stack Trace:
[xUnit.net 00:00:00.75]            at Microsoft.EntityFrameworkCore.Infrastructure.ModelValidator.ValidateNonNullPrimaryKeys(IModel model, IDiagnosticsLogger`1 logger)
[xUnit.net 00:00:00.75]            at Microsoft.EntityFrameworkCore.Infrastructure.ModelValidator.Validate(IModel model, IDiagnosticsLogger`1 logger)
[xUnit.net 00:00:00.75]            at Microsoft.EntityFrameworkCore.InMemory.Infrastructure.Internal.InMemoryModelValidator.Validate(IModel model, IDiagnosticsLogger`1 logger)
[xUnit.net 00:00:00.75]            at Microsoft.EntityFrameworkCore.Infrastructure.ModelRuntimeInitializer.Initialize(IModel model, Boolean designTime, IDiagnosticsLogger`1 validationLogger)
[xUnit.net 00:00:00.75]            at Microsoft.EntityFrameworkCore.Infrastructure.ModelSource.CreateModel(DbContext context, ModelCreationDependencies modelCreationDependencies, Boolean designTime)
[xUnit.net 00:00:00.75]            at Microsoft.EntityFrameworkCore.Infrastructure.ModelSource.GetModel(DbContext context, ModelCreationDependencies modelCreationDependencies, Boolean designTime)
[xUnit.net 00:00:00.75]            at Microsoft.EntityFrameworkCore.Internal.DbContextServices.CreateModel(Boolean designTime)
[xUnit.net 00:00:00.75]            at Microsoft.EntityFrameworkCore.Internal.DbContextServices.get_Model()
[xUnit.net 00:00:00.75]            at Microsoft.EntityFrameworkCore.Infrastructure.EntityFrameworkServicesBuilder.<>c.<TryAddCoreServices>b__8_4(IServiceProvider p)
[xUnit.net 00:00:00.75]            at Microsoft.Extensions.DependencyInjection.ServiceLookup.CallSiteRuntimeResolver.VisitCache(ServiceCallSite callSite, RuntimeResolverContext context, ServiceProviderEngineScope serviceProviderEngine, RuntimeResolverLock lockType)
[xUnit.net 00:00:00.75]            at Microsoft.Extensions.DependencyInjection.ServiceLookup.CallSiteRuntimeResolver.VisitScopeCache(ServiceCallSite callSite, RuntimeResolverContext context)
[xUnit.net 00:00:00.75]            at Microsoft.Extensions.DependencyInjection.ServiceLookup.CallSiteRuntimeResolver.VisitConstructor(ConstructorCallSite constructorCallSite, RuntimeResolverContext context)
[xUnit.net 00:00:00.75]            at Microsoft.Extensions.DependencyInjection.ServiceLookup.CallSiteRuntimeResolver.VisitCache(ServiceCallSite callSite, RuntimeResolverContext context, ServiceProviderEngineScope serviceProviderEngine, RuntimeResolverLock lockType)
[xUnit.net 00:00:00.75]            at Microsoft.Extensions.DependencyInjection.ServiceLookup.CallSiteRuntimeResolver.VisitScopeCache(ServiceCallSite callSite, RuntimeResolverContext context)
[xUnit.net 00:00:00.75]            at Microsoft.Extensions.DependencyInjection.ServiceLookup.CallSiteRuntimeResolver.VisitConstructor(ConstructorCallSite constructorCallSite, RuntimeResolverContext context)
[xUnit.net 00:00:00.75]            at Microsoft.Extensions.DependencyInjection.ServiceLookup.CallSiteRuntimeResolver.VisitCache(ServiceCallSite callSite, RuntimeResolverContext context, ServiceProviderEngineScope serviceProviderEngine, RuntimeResolverLock lockType)
[xUnit.net 00:00:00.75]            at Microsoft.Extensions.DependencyInjection.ServiceLookup.CallSiteRuntimeResolver.VisitScopeCache(ServiceCallSite callSite, RuntimeResolverContext context)
[xUnit.net 00:00:00.75]            at Microsoft.Extensions.DependencyInjection.ServiceLookup.CallSiteRuntimeResolver.VisitConstructor(ConstructorCallSite constructorCallSite, RuntimeResolverContext context)
[xUnit.net 00:00:00.75]            at Microsoft.Extensions.DependencyInjection.ServiceLookup.CallSiteRuntimeResolver.VisitCache(ServiceCallSite callSite, RuntimeResolverContext context, ServiceProviderEngineScope serviceProviderEngine, RuntimeResolverLock lockType)
[xUnit.net 00:00:00.75]            at Microsoft.Extensions.DependencyInjection.ServiceLookup.CallSiteRuntimeResolver.VisitScopeCache(ServiceCallSite callSite, RuntimeResolverContext context)
[xUnit.net 00:00:00.75]            at Microsoft.Extensions.DependencyInjection.ServiceLookup.CallSiteRuntimeResolver.VisitConstructor(ConstructorCallSite constructorCallSite, RuntimeResolverContext context)
[xUnit.net 00:00:00.75]            at Microsoft.Extensions.DependencyInjection.ServiceLookup.CallSiteRuntimeResolver.VisitCache(ServiceCallSite callSite, RuntimeResolverContext context, ServiceProviderEngineScope serviceProviderEngine, RuntimeResolverLock lockType)
[xUnit.net 00:00:00.75]            at Microsoft.Extensions.DependencyInjection.ServiceLookup.CallSiteRuntimeResolver.VisitScopeCache(ServiceCallSite callSite, RuntimeResolverContext context)
[xUnit.net 00:00:00.75]            at Microsoft.Extensions.DependencyInjection.ServiceLookup.CallSiteRuntimeResolver.VisitConstructor(ConstructorCallSite constructorCallSite, RuntimeResolverContext context)
[xUnit.net 00:00:00.75]            at Microsoft.Extensions.DependencyInjection.ServiceLookup.CallSiteRuntimeResolver.VisitCache(ServiceCallSite callSite, RuntimeResolverContext context, ServiceProviderEngineScope serviceProviderEngine, RuntimeResolverLock lockType)
[xUnit.net 00:00:00.75]            at Microsoft.Extensions.DependencyInjection.ServiceLookup.CallSiteRuntimeResolver.VisitScopeCache(ServiceCallSite callSite, RuntimeResolverContext context)
[xUnit.net 00:00:00.75]            at Microsoft.Extensions.DependencyInjection.ServiceLookup.CallSiteRuntimeResolver.Resolve(ServiceCallSite callSite, ServiceProviderEngineScope scope)
[xUnit.net 00:00:00.75]            at Microsoft.Extensions.DependencyInjection.ServiceLookup.DynamicServiceProviderEngine.<>c__DisplayClass2_0.<RealizeService>b__0(ServiceProviderEngineScope scope)
[xUnit.net 00:00:00.75]            at Microsoft.Extensions.DependencyInjection.ServiceProvider.GetService(ServiceIdentifier serviceIdentifier, ServiceProviderEngineScope serviceProviderEngineScope)
[xUnit.net 00:00:00.75]            at Microsoft.Extensions.DependencyInjection.ServiceLookup.ServiceProviderEngineScope.GetService(Type serviceType)
[xUnit.net 00:00:00.75]            at Microsoft.Extensions.DependencyInjection.ServiceProviderServiceExtensions.GetRequiredService(IServiceProvider provider, Type serviceType)
[xUnit.net 00:00:00.75]            at Microsoft.Extensions.DependencyInjection.ServiceProviderServiceExtensions.GetRequiredService[T](IServiceProvider provider)
[xUnit.net 00:00:00.75]            at Microsoft.EntityFrameworkCore.DbContext.get_DbContextDependencies()
[xUnit.net 00:00:00.75]            at Microsoft.EntityFrameworkCore.DbContext.get_ContextServices()
[xUnit.net 00:00:00.75]            at Microsoft.EntityFrameworkCore.DbContext.get_InternalServiceProvider()
[xUnit.net 00:00:00.75]            at Microsoft.EntityFrameworkCore.DbContext.get_DbContextDependencies()
[xUnit.net 00:00:00.75]            at Microsoft.EntityFrameworkCore.DbContext.Microsoft.EntityFrameworkCore.Internal.IDbContextDependencies.get_StateManager()
[xUnit.net 00:00:00.75]            at Microsoft.EntityFrameworkCore.Internal.InternalDbSet`1.EntryWithoutDetectChanges(TEntity entity)
[xUnit.net 00:00:00.75]            at Microsoft.EntityFrameworkCore.Internal.InternalDbSet`1.Add(TEntity entity)
[xUnit.net 00:00:00.75]         C:\Pos\QuartaFase\OSService\FiapOficina.OSService\tests\FiapOficina.OSService.Tests\UserControllerTests.cs(104,0): at FiapOficina.OSService.Tests.UserControllerTests.Login_ShouldReturnOk_WhenCredentialsAreValid()
[xUnit.net 00:00:00.75]         --- End of stack trace from previous location ---
     Warning:
     The component "Fluent Assertions" is governed by the rules defined in the Xceed License Agreement and
     the Xceed Fluent Assertions Community License. You may use Fluent Assertions free of charge for
     non-commercial use only. An active subscription is required to use Fluent Assertions for commercial use.
     Please contact Xceed Sales mailto:sales@xceed.com to acquire a subscription at a very low cost.
     A paid commercial license supports the development and continued increasing support of
     Fluent Assertions users under both commercial and community licenses. Help us
     keep Fluent Assertions at the forefront of unit testing.
     For more information, visit https://xceed.com/products/unit-testing/fluent-assertions/
[xUnit.net 00:00:00.89]       System.InvalidOperationException : The entity type 'OrderState' requires a primary key to be defined. If you intended to use a keyless entity type, call 'HasNoKey' in 'OnModelCreating'. For more information on keyless entity types, see https://go.microsoft.com/fwlink/?linkid=2141943.
[xUnit.net 00:00:00.89]       Stack Trace:
[xUnit.net 00:00:00.89]            at Microsoft.EntityFrameworkCore.Infrastructure.ModelValidator.ValidateNonNullPrimaryKeys(IModel model, IDiagnosticsLogger`1 logger)
[xUnit.net 00:00:00.89]            at Microsoft.EntityFrameworkCore.Infrastructure.ModelValidator.Validate(IModel model, IDiagnosticsLogger`1 logger)
[xUnit.net 00:00:00.89]            at Microsoft.EntityFrameworkCore.InMemory.Infrastructure.Internal.InMemoryModelValidator.Validate(IModel model, IDiagnosticsLogger`1 logger)
[xUnit.net 00:00:00.89]            at Microsoft.EntityFrameworkCore.Infrastructure.ModelRuntimeInitializer.Initialize(IModel model, Boolean designTime, IDiagnosticsLogger`1 validationLogger)
[xUnit.net 00:00:00.89]            at Microsoft.EntityFrameworkCore.Infrastructure.ModelSource.CreateModel(DbContext context, ModelCreationDependencies modelCreationDependencies, Boolean designTime)
[xUnit.net 00:00:00.89]            at Microsoft.EntityFrameworkCore.Infrastructure.ModelSource.GetModel(DbContext context, ModelCreationDependencies modelCreationDependencies, Boolean designTime)
[xUnit.net 00:00:00.89]            at Microsoft.EntityFrameworkCore.Internal.DbContextServices.CreateModel(Boolean designTime)
[xUnit.net 00:00:00.89]            at Microsoft.EntityFrameworkCore.Internal.DbContextServices.get_Model()
[xUnit.net 00:00:00.89]            at Microsoft.EntityFrameworkCore.Infrastructure.EntityFrameworkServicesBuilder.<>c.<TryAddCoreServices>b__8_4(IServiceProvider p)
[xUnit.net 00:00:00.89]            at Microsoft.Extensions.DependencyInjection.ServiceLookup.CallSiteRuntimeResolver.VisitCache(ServiceCallSite callSite, RuntimeResolverContext context, ServiceProviderEngineScope serviceProviderEngine, RuntimeResolverLock lockType)
[xUnit.net 00:00:00.89]            at Microsoft.Extensions.DependencyInjection.ServiceLookup.CallSiteRuntimeResolver.VisitScopeCache(ServiceCallSite callSite, RuntimeResolverContext context)
[xUnit.net 00:00:00.89]            at Microsoft.Extensions.DependencyInjection.ServiceLookup.CallSiteRuntimeResolver.VisitConstructor(ConstructorCallSite constructorCallSite, RuntimeResolverContext context)
[xUnit.net 00:00:00.89]            at Microsoft.Extensions.DependencyInjection.ServiceLookup.CallSiteRuntimeResolver.VisitCache(ServiceCallSite callSite, RuntimeResolverContext context, ServiceProviderEngineScope serviceProviderEngine, RuntimeResolverLock lockType)
[xUnit.net 00:00:00.89]            at Microsoft.Extensions.DependencyInjection.ServiceLookup.CallSiteRuntimeResolver.VisitScopeCache(ServiceCallSite callSite, RuntimeResolverContext context)
[xUnit.net 00:00:00.89]            at Microsoft.Extensions.DependencyInjection.ServiceLookup.CallSiteRuntimeResolver.VisitConstructor(ConstructorCallSite constructorCallSite, RuntimeResolverContext context)
[xUnit.net 00:00:00.89]            at Microsoft.Extensions.DependencyInjection.ServiceLookup.CallSiteRuntimeResolver.VisitCache(ServiceCallSite callSite, RuntimeResolverContext context, ServiceProviderEngineScope serviceProviderEngine, RuntimeResolverLock lockType)
[xUnit.net 00:00:00.89]            at Microsoft.Extensions.DependencyInjection.ServiceLookup.CallSiteRuntimeResolver.VisitScopeCache(ServiceCallSite callSite, RuntimeResolverContext context)
[xUnit.net 00:00:00.89]            at Microsoft.Extensions.DependencyInjection.ServiceLookup.CallSiteRuntimeResolver.VisitConstructor(ConstructorCallSite constructorCallSite, RuntimeResolverContext context)
[xUnit.net 00:00:00.89]            at Microsoft.Extensions.DependencyInjection.ServiceLookup.CallSiteRuntimeResolver.VisitCache(ServiceCallSite callSite, RuntimeResolverContext context, ServiceProviderEngineScope serviceProviderEngine, RuntimeResolverLock lockType)
[xUnit.net 00:00:00.89]            at Microsoft.Extensions.DependencyInjection.ServiceLookup.CallSiteRuntimeResolver.VisitScopeCache(ServiceCallSite callSite, RuntimeResolverContext context)
[xUnit.net 00:00:00.89]            at Microsoft.Extensions.DependencyInjection.ServiceLookup.CallSiteRuntimeResolver.VisitConstructor(ConstructorCallSite constructorCallSite, RuntimeResolverContext context)
[xUnit.net 00:00:00.89]            at Microsoft.Extensions.DependencyInjection.ServiceLookup.CallSiteRuntimeResolver.VisitCache(ServiceCallSite callSite, RuntimeResolverContext context, ServiceProviderEngineScope serviceProviderEngine, RuntimeResolverLock lockType)
[xUnit.net 00:00:00.89]            at Microsoft.Extensions.DependencyInjection.ServiceLookup.CallSiteRuntimeResolver.VisitScopeCache(ServiceCallSite callSite, RuntimeResolverContext context)
[xUnit.net 00:00:00.89]            at Microsoft.Extensions.DependencyInjection.ServiceLookup.CallSiteRuntimeResolver.VisitConstructor(ConstructorCallSite constructorCallSite, RuntimeResolverContext context)
[xUnit.net 00:00:00.90]            at Microsoft.Extensions.DependencyInjection.ServiceLookup.CallSiteRuntimeResolver.VisitCache(ServiceCallSite callSite, RuntimeResolverContext context, ServiceProviderEngineScope serviceProviderEngine, RuntimeResolverLock lockType)
[xUnit.net 00:00:00.90]            at Microsoft.Extensions.DependencyInjection.ServiceLookup.CallSiteRuntimeResolver.VisitScopeCache(ServiceCallSite callSite, RuntimeResolverContext context)
[xUnit.net 00:00:00.90]            at Microsoft.Extensions.DependencyInjection.ServiceLookup.CallSiteRuntimeResolver.Resolve(ServiceCallSite callSite, ServiceProviderEngineScope scope)
[xUnit.net 00:00:00.90]            at Microsoft.Extensions.DependencyInjection.ServiceLookup.DynamicServiceProviderEngine.<>c__DisplayClass2_0.<RealizeService>b__0(ServiceProviderEngineScope scope)
[xUnit.net 00:00:00.90]            at Microsoft.Extensions.DependencyInjection.ServiceProvider.GetService(ServiceIdentifier serviceIdentifier, ServiceProviderEngineScope serviceProviderEngineScope)
[xUnit.net 00:00:00.90]            at Microsoft.Extensions.DependencyInjection.ServiceLookup.ServiceProviderEngineScope.GetService(Type serviceType)
[xUnit.net 00:00:00.90]            at Microsoft.Extensions.DependencyInjection.ServiceProviderServiceExtensions.GetRequiredService(IServiceProvider provider, Type serviceType)
[xUnit.net 00:00:00.90]            at Microsoft.Extensions.DependencyInjection.ServiceProviderServiceExtensions.GetRequiredService[T](IServiceProvider provider)
[xUnit.net 00:00:00.90]            at Microsoft.EntityFrameworkCore.DbContext.get_DbContextDependencies()
[xUnit.net 00:00:00.90]            at Microsoft.EntityFrameworkCore.DbContext.get_ContextServices()
[xUnit.net 00:00:00.90]            at Microsoft.EntityFrameworkCore.DbContext.get_InternalServiceProvider()
[xUnit.net 00:00:00.90]            at Microsoft.EntityFrameworkCore.DbContext.get_DbContextDependencies()
[xUnit.net 00:00:00.90]            at Microsoft.EntityFrameworkCore.DbContext.Microsoft.EntityFrameworkCore.Internal.IDbContextDependencies.get_StateManager()
[xUnit.net 00:00:00.90]            at Microsoft.EntityFrameworkCore.Internal.InternalDbSet`1.EntryWithoutDetectChanges(TEntity entity)
[xUnit.net 00:00:00.90]            at Microsoft.EntityFrameworkCore.Internal.InternalDbSet`1.Add(TEntity entity)
[xUnit.net 00:00:00.90]         C:\Pos\QuartaFase\OSService\FiapOficina.OSService\tests\FiapOficina.OSService.Tests\UserControllerTests.cs(177,0): at FiapOficina.OSService.Tests.UserControllerTests.GetUsers_ShouldReturnOk()
[xUnit.net 00:00:00.90]         --- End of stack trace from previous location ---
[xUnit.net 00:00:00.95]       System.InvalidOperationException : The entity type 'OrderState' requires a primary key to be defined. If you intended to use a keyless entity type, call 'HasNoKey' in 'OnModelCreating'. For more information on keyless entity types, see https://go.microsoft.com/fwlink/?linkid=2141943.
[xUnit.net 00:00:00.95]       Stack Trace:
[xUnit.net 00:00:00.95]            at Microsoft.EntityFrameworkCore.Infrastructure.ModelValidator.ValidateNonNullPrimaryKeys(IModel model, IDiagnosticsLogger`1 logger)
[xUnit.net 00:00:00.95]            at Microsoft.EntityFrameworkCore.Infrastructure.ModelValidator.Validate(IModel model, IDiagnosticsLogger`1 logger)
[xUnit.net 00:00:00.95]            at Microsoft.EntityFrameworkCore.InMemory.Infrastructure.Internal.InMemoryModelValidator.Validate(IModel model, IDiagnosticsLogger`1 logger)
[xUnit.net 00:00:00.95]            at Microsoft.EntityFrameworkCore.Infrastructure.ModelRuntimeInitializer.Initialize(IModel model, Boolean designTime, IDiagnosticsLogger`1 validationLogger)
[xUnit.net 00:00:00.95]            at Microsoft.EntityFrameworkCore.Infrastructure.ModelSource.CreateModel(DbContext context, ModelCreationDependencies modelCreationDependencies, Boolean designTime)
[xUnit.net 00:00:00.95]            at Microsoft.EntityFrameworkCore.Infrastructure.ModelSource.GetModel(DbContext context, ModelCreationDependencies modelCreationDependencies, Boolean designTime)
[xUnit.net 00:00:00.95]            at Microsoft.EntityFrameworkCore.Internal.DbContextServices.CreateModel(Boolean designTime)
[xUnit.net 00:00:00.95]            at Microsoft.EntityFrameworkCore.Internal.DbContextServices.get_Model()
[xUnit.net 00:00:00.95]            at Microsoft.EntityFrameworkCore.Infrastructure.EntityFrameworkServicesBuilder.<>c.<TryAddCoreServices>b__8_4(IServiceProvider p)
[xUnit.net 00:00:00.95]            at Microsoft.Extensions.DependencyInjection.ServiceLookup.CallSiteRuntimeResolver.VisitCache(ServiceCallSite callSite, RuntimeResolverContext context, ServiceProviderEngineScope serviceProviderEngine, RuntimeResolverLock lockType)
[xUnit.net 00:00:00.95]            at Microsoft.Extensions.DependencyInjection.ServiceLookup.CallSiteRuntimeResolver.VisitScopeCache(ServiceCallSite callSite, RuntimeResolverContext context)
[xUnit.net 00:00:00.95]            at Microsoft.Extensions.DependencyInjection.ServiceLookup.CallSiteRuntimeResolver.VisitConstructor(ConstructorCallSite constructorCallSite, RuntimeResolverContext context)
[xUnit.net 00:00:00.95]            at Microsoft.Extensions.DependencyInjection.ServiceLookup.CallSiteRuntimeResolver.VisitCache(ServiceCallSite callSite, RuntimeResolverContext context, ServiceProviderEngineScope serviceProviderEngine, RuntimeResolverLock lockType)
[xUnit.net 00:00:00.95]            at Microsoft.Extensions.DependencyInjection.ServiceLookup.CallSiteRuntimeResolver.VisitScopeCache(ServiceCallSite callSite, RuntimeResolverContext context)
[xUnit.net 00:00:00.95]            at Microsoft.Extensions.DependencyInjection.ServiceLookup.CallSiteRuntimeResolver.VisitConstructor(ConstructorCallSite constructorCallSite, RuntimeResolverContext context)
[xUnit.net 00:00:00.95]            at Microsoft.Extensions.DependencyInjection.ServiceLookup.CallSiteRuntimeResolver.VisitCache(ServiceCallSite callSite, RuntimeResolverContext context, ServiceProviderEngineScope serviceProviderEngine, RuntimeResolverLock lockType)
[xUnit.net 00:00:00.95]            at Microsoft.Extensions.DependencyInjection.ServiceLookup.CallSiteRuntimeResolver.VisitScopeCache(ServiceCallSite callSite, RuntimeResolverContext context)
[xUnit.net 00:00:00.95]            at Microsoft.Extensions.DependencyInjection.ServiceLookup.CallSiteRuntimeResolver.VisitConstructor(ConstructorCallSite constructorCallSite, RuntimeResolverContext context)
[xUnit.net 00:00:00.95]            at Microsoft.Extensions.DependencyInjection.ServiceLookup.CallSiteRuntimeResolver.VisitCache(ServiceCallSite callSite, RuntimeResolverContext context, ServiceProviderEngineScope serviceProviderEngine, RuntimeResolverLock lockType)
[xUnit.net 00:00:00.95]            at Microsoft.Extensions.DependencyInjection.ServiceLookup.CallSiteRuntimeResolver.VisitScopeCache(ServiceCallSite callSite, RuntimeResolverContext context)
[xUnit.net 00:00:00.95]            at Microsoft.Extensions.DependencyInjection.ServiceLookup.CallSiteRuntimeResolver.VisitConstructor(ConstructorCallSite constructorCallSite, RuntimeResolverContext context)
[xUnit.net 00:00:00.95]            at Microsoft.Extensions.DependencyInjection.ServiceLookup.CallSiteRuntimeResolver.VisitCache(ServiceCallSite callSite, RuntimeResolverContext context, ServiceProviderEngineScope serviceProviderEngine, RuntimeResolverLock lockType)
[xUnit.net 00:00:00.95]            at Microsoft.Extensions.DependencyInjection.ServiceLookup.CallSiteRuntimeResolver.VisitScopeCache(ServiceCallSite callSite, RuntimeResolverContext context)
[xUnit.net 00:00:00.95]            at Microsoft.Extensions.DependencyInjection.ServiceLookup.CallSiteRuntimeResolver.VisitConstructor(ConstructorCallSite constructorCallSite, RuntimeResolverContext context)
[xUnit.net 00:00:00.95]            at Microsoft.Extensions.DependencyInjection.ServiceLookup.CallSiteRuntimeResolver.VisitCache(ServiceCallSite callSite, RuntimeResolverContext context, ServiceProviderEngineScope serviceProviderEngine, RuntimeResolverLock lockType)
[xUnit.net 00:00:00.95]            at Microsoft.Extensions.DependencyInjection.ServiceLookup.CallSiteRuntimeResolver.VisitScopeCache(ServiceCallSite callSite, RuntimeResolverContext context)
[xUnit.net 00:00:00.95]            at Microsoft.Extensions.DependencyInjection.ServiceLookup.CallSiteRuntimeResolver.Resolve(ServiceCallSite callSite, ServiceProviderEngineScope scope)
[xUnit.net 00:00:00.95]            at Microsoft.Extensions.DependencyInjection.ServiceLookup.DynamicServiceProviderEngine.<>c__DisplayClass2_0.<RealizeService>b__0(ServiceProviderEngineScope scope)
[xUnit.net 00:00:00.95]            at Microsoft.Extensions.DependencyInjection.ServiceProvider.GetService(ServiceIdentifier serviceIdentifier, ServiceProviderEngineScope serviceProviderEngineScope)
[xUnit.net 00:00:00.95]            at Microsoft.Extensions.DependencyInjection.ServiceLookup.ServiceProviderEngineScope.GetService(Type serviceType)
[xUnit.net 00:00:00.95]            at Microsoft.Extensions.DependencyInjection.ServiceProviderServiceExtensions.GetRequiredService(IServiceProvider provider, Type serviceType)
[xUnit.net 00:00:00.95]            at Microsoft.Extensions.DependencyInjection.ServiceProviderServiceExtensions.GetRequiredService[T](IServiceProvider provider)
[xUnit.net 00:00:00.95]            at Microsoft.EntityFrameworkCore.DbContext.get_DbContextDependencies()
[xUnit.net 00:00:00.95]            at Microsoft.EntityFrameworkCore.DbContext.get_ContextServices()
[xUnit.net 00:00:00.95]            at Microsoft.EntityFrameworkCore.DbContext.get_Model()
[xUnit.net 00:00:00.95]            at Microsoft.EntityFrameworkCore.Internal.InternalDbSet`1.get_EntityType()
[xUnit.net 00:00:00.95]            at Microsoft.EntityFrameworkCore.Internal.InternalDbSet`1.CheckState()
[xUnit.net 00:00:00.95]            at Microsoft.EntityFrameworkCore.Internal.InternalDbSet`1.get_EntityQueryable()
[xUnit.net 00:00:00.95]            at Microsoft.EntityFrameworkCore.Internal.InternalDbSet`1.System.Linq.IQueryable.get_Provider()
[xUnit.net 00:00:00.95]            at Microsoft.EntityFrameworkCore.EntityFrameworkQueryableExtensions.ExecuteAsync[TSource,TResult](MethodInfo operatorMethodInfo, IQueryable`1 source, Expression expression, CancellationToken cancellationToken)
[xUnit.net 00:00:00.95]            at Microsoft.EntityFrameworkCore.EntityFrameworkQueryableExtensions.ExecuteAsync[TSource,TResult](MethodInfo operatorMethodInfo, IQueryable`1 source, LambdaExpression expression, CancellationToken cancellationToken)
[xUnit.net 00:00:00.95]            at Microsoft.EntityFrameworkCore.EntityFrameworkQueryableExtensions.AnyAsync[TSource](IQueryable`1 source, Expression`1 predicate, CancellationToken cancellationToken)
[xUnit.net 00:00:00.95]         C:\Pos\QuartaFase\OSService\FiapOficina.OSService\src\FiapOficina.OSService.Api\Controllers\UserController.cs(60,0): at FiapOficina.OSService.Api.Controllers.UserController.CreateUser(User user)
[xUnit.net 00:00:00.95]         C:\Pos\QuartaFase\OSService\FiapOficina.OSService\tests\FiapOficina.OSService.Tests\UserControllerTests.cs(50,0): at FiapOficina.OSService.Tests.UserControllerTests.CreateUser_ShouldReturnOk_WhenRequestIsValid()
[xUnit.net 00:00:00.95]         --- End of stack trace from previous location ---
[xUnit.net 00:00:00.95]       System.InvalidOperationException : The entity type 'OrderState' requires a primary key to be defined. If you intended to use a keyless entity type, call 'HasNoKey' in 'OnModelCreating'. For more information on keyless entity types, see https://go.microsoft.com/fwlink/?linkid=2141943.
[xUnit.net 00:00:00.96]       Stack Trace:
[xUnit.net 00:00:00.96]            at Microsoft.EntityFrameworkCore.Infrastructure.ModelValidator.ValidateNonNullPrimaryKeys(IModel model, IDiagnosticsLogger`1 logger)
[xUnit.net 00:00:00.96]            at Microsoft.EntityFrameworkCore.Infrastructure.ModelValidator.Validate(IModel model, IDiagnosticsLogger`1 logger)
[xUnit.net 00:00:00.96]            at Microsoft.EntityFrameworkCore.InMemory.Infrastructure.Internal.InMemoryModelValidator.Validate(IModel model, IDiagnosticsLogger`1 logger)
[xUnit.net 00:00:00.96]            at Microsoft.EntityFrameworkCore.Infrastructure.ModelRuntimeInitializer.Initialize(IModel model, Boolean designTime, IDiagnosticsLogger`1 validationLogger)
[xUnit.net 00:00:00.96]            at Microsoft.EntityFrameworkCore.Infrastructure.ModelSource.CreateModel(DbContext context, ModelCreationDependencies modelCreationDependencies, Boolean designTime)
[xUnit.net 00:00:00.96]            at Microsoft.EntityFrameworkCore.Infrastructure.ModelSource.GetModel(DbContext context, ModelCreationDependencies modelCreationDependencies, Boolean designTime)
[xUnit.net 00:00:00.96]            at Microsoft.EntityFrameworkCore.Internal.DbContextServices.CreateModel(Boolean designTime)
[xUnit.net 00:00:00.96]            at Microsoft.EntityFrameworkCore.Internal.DbContextServices.get_Model()
[xUnit.net 00:00:00.96]            at Microsoft.EntityFrameworkCore.Infrastructure.EntityFrameworkServicesBuilder.<>c.<TryAddCoreServices>b__8_4(IServiceProvider p)
[xUnit.net 00:00:00.96]            at Microsoft.Extensions.DependencyInjection.ServiceLookup.CallSiteRuntimeResolver.VisitCache(ServiceCallSite callSite, RuntimeResolverContext context, ServiceProviderEngineScope serviceProviderEngine, RuntimeResolverLock lockType)
[xUnit.net 00:00:00.96]            at Microsoft.Extensions.DependencyInjection.ServiceLookup.CallSiteRuntimeResolver.VisitScopeCache(ServiceCallSite callSite, RuntimeResolverContext context)
[xUnit.net 00:00:00.96]            at Microsoft.Extensions.DependencyInjection.ServiceLookup.CallSiteRuntimeResolver.VisitConstructor(ConstructorCallSite constructorCallSite, RuntimeResolverContext context)
[xUnit.net 00:00:00.96]            at Microsoft.Extensions.DependencyInjection.ServiceLookup.CallSiteRuntimeResolver.VisitCache(ServiceCallSite callSite, RuntimeResolverContext context, ServiceProviderEngineScope serviceProviderEngine, RuntimeResolverLock lockType)
[xUnit.net 00:00:00.96]            at Microsoft.Extensions.DependencyInjection.ServiceLookup.CallSiteRuntimeResolver.VisitScopeCache(ServiceCallSite callSite, RuntimeResolverContext context)
[xUnit.net 00:00:00.96]            at Microsoft.Extensions.DependencyInjection.ServiceLookup.CallSiteRuntimeResolver.VisitConstructor(ConstructorCallSite constructorCallSite, RuntimeResolverContext context)
[xUnit.net 00:00:00.96]            at Microsoft.Extensions.DependencyInjection.ServiceLookup.CallSiteRuntimeResolver.VisitCache(ServiceCallSite callSite, RuntimeResolverContext context, ServiceProviderEngineScope serviceProviderEngine, RuntimeResolverLock lockType)
[xUnit.net 00:00:00.96]            at Microsoft.Extensions.DependencyInjection.ServiceLookup.CallSiteRuntimeResolver.VisitScopeCache(ServiceCallSite callSite, RuntimeResolverContext context)
[xUnit.net 00:00:00.96]            at Microsoft.Extensions.DependencyInjection.ServiceLookup.CallSiteRuntimeResolver.VisitConstructor(ConstructorCallSite constructorCallSite, RuntimeResolverContext context)
[xUnit.net 00:00:00.96]            at Microsoft.Extensions.DependencyInjection.ServiceLookup.CallSiteRuntimeResolver.VisitCache(ServiceCallSite callSite, RuntimeResolverContext context, ServiceProviderEngineScope serviceProviderEngine, RuntimeResolverLock lockType)
[xUnit.net 00:00:00.96]            at Microsoft.Extensions.DependencyInjection.ServiceLookup.CallSiteRuntimeResolver.VisitScopeCache(ServiceCallSite callSite, RuntimeResolverContext context)
[xUnit.net 00:00:00.96]            at Microsoft.Extensions.DependencyInjection.ServiceLookup.CallSiteRuntimeResolver.VisitConstructor(ConstructorCallSite constructorCallSite, RuntimeResolverContext context)
[xUnit.net 00:00:00.96]            at Microsoft.Extensions.DependencyInjection.ServiceLookup.CallSiteRuntimeResolver.VisitCache(ServiceCallSite callSite, RuntimeResolverContext context, ServiceProviderEngineScope serviceProviderEngine, RuntimeResolverLock lockType)
[xUnit.net 00:00:00.96]            at Microsoft.Extensions.DependencyInjection.ServiceLookup.CallSiteRuntimeResolver.VisitScopeCache(ServiceCallSite callSite, RuntimeResolverContext context)
[xUnit.net 00:00:00.96]            at Microsoft.Extensions.DependencyInjection.ServiceLookup.CallSiteRuntimeResolver.VisitConstructor(ConstructorCallSite constructorCallSite, RuntimeResolverContext context)
[xUnit.net 00:00:00.96]            at Microsoft.Extensions.DependencyInjection.ServiceLookup.CallSiteRuntimeResolver.VisitCache(ServiceCallSite callSite, RuntimeResolverContext context, ServiceProviderEngineScope serviceProviderEngine, RuntimeResolverLock lockType)
[xUnit.net 00:00:00.96]            at Microsoft.Extensions.DependencyInjection.ServiceLookup.CallSiteRuntimeResolver.VisitScopeCache(ServiceCallSite callSite, RuntimeResolverContext context)
[xUnit.net 00:00:00.96]            at Microsoft.Extensions.DependencyInjection.ServiceLookup.CallSiteRuntimeResolver.Resolve(ServiceCallSite callSite, ServiceProviderEngineScope scope)
[xUnit.net 00:00:00.96]            at Microsoft.Extensions.DependencyInjection.ServiceLookup.DynamicServiceProviderEngine.<>c__DisplayClass2_0.<RealizeService>b__0(ServiceProviderEngineScope scope)
[xUnit.net 00:00:00.96]            at Microsoft.Extensions.DependencyInjection.ServiceProvider.GetService(ServiceIdentifier serviceIdentifier, ServiceProviderEngineScope serviceProviderEngineScope)
[xUnit.net 00:00:00.96]            at Microsoft.Extensions.DependencyInjection.ServiceLookup.ServiceProviderEngineScope.GetService(Type serviceType)
[xUnit.net 00:00:00.96]            at Microsoft.Extensions.DependencyInjection.ServiceProviderServiceExtensions.GetRequiredService(IServiceProvider provider, Type serviceType)
[xUnit.net 00:00:00.96]            at Microsoft.Extensions.DependencyInjection.ServiceProviderServiceExtensions.GetRequiredService[T](IServiceProvider provider)
[xUnit.net 00:00:00.96]            at Microsoft.EntityFrameworkCore.DbContext.get_DbContextDependencies()
[xUnit.net 00:00:00.96]            at Microsoft.EntityFrameworkCore.DbContext.get_ContextServices()
[xUnit.net 00:00:00.96]            at Microsoft.EntityFrameworkCore.DbContext.get_InternalServiceProvider()
[xUnit.net 00:00:00.96]            at Microsoft.EntityFrameworkCore.DbContext.get_DbContextDependencies()
[xUnit.net 00:00:00.96]            at Microsoft.EntityFrameworkCore.DbContext.Microsoft.EntityFrameworkCore.Internal.IDbContextDependencies.get_StateManager()
[xUnit.net 00:00:00.96]            at Microsoft.EntityFrameworkCore.Internal.InternalDbSet`1.EntryWithoutDetectChanges(TEntity entity)
[xUnit.net 00:00:00.96]            at Microsoft.EntityFrameworkCore.Internal.InternalDbSet`1.Add(TEntity entity)
[xUnit.net 00:00:00.96]         C:\Pos\QuartaFase\OSService\FiapOficina.OSService\tests\FiapOficina.OSService.Tests\UserControllerTests.cs(146,0): at FiapOficina.OSService.Tests.UserControllerTests.Login_ShouldReturnUnauthorized_WhenPasswordIsIncorrect()
[xUnit.net 00:00:00.96]         --- End of stack trace from previous location ---
[xUnit.net 00:00:00.97]       System.InvalidOperationException : The entity type 'OrderState' requires a primary key to be defined. If you intended to use a keyless entity type, call 'HasNoKey' in 'OnModelCreating'. For more information on keyless entity types, see https://go.microsoft.com/fwlink/?linkid=2141943.
[xUnit.net 00:00:00.97]       Stack Trace:
[xUnit.net 00:00:00.97]            at Microsoft.EntityFrameworkCore.Infrastructure.ModelValidator.ValidateNonNullPrimaryKeys(IModel model, IDiagnosticsLogger`1 logger)
[xUnit.net 00:00:00.97]            at Microsoft.EntityFrameworkCore.Infrastructure.ModelValidator.Validate(IModel model, IDiagnosticsLogger`1 logger)
[xUnit.net 00:00:00.97]            at Microsoft.EntityFrameworkCore.InMemory.Infrastructure.Internal.InMemoryModelValidator.Validate(IModel model, IDiagnosticsLogger`1 logger)
[xUnit.net 00:00:00.97]            at Microsoft.EntityFrameworkCore.Infrastructure.ModelRuntimeInitializer.Initialize(IModel model, Boolean designTime, IDiagnosticsLogger`1 validationLogger)
[xUnit.net 00:00:00.97]            at Microsoft.EntityFrameworkCore.Infrastructure.ModelSource.CreateModel(DbContext context, ModelCreationDependencies modelCreationDependencies, Boolean designTime)
[xUnit.net 00:00:00.97]            at Microsoft.EntityFrameworkCore.Infrastructure.ModelSource.GetModel(DbContext context, ModelCreationDependencies modelCreationDependencies, Boolean designTime)
[xUnit.net 00:00:00.97]            at Microsoft.EntityFrameworkCore.Internal.DbContextServices.CreateModel(Boolean designTime)
[xUnit.net 00:00:00.97]            at Microsoft.EntityFrameworkCore.Internal.DbContextServices.get_Model()
[xUnit.net 00:00:00.97]            at Microsoft.EntityFrameworkCore.Infrastructure.EntityFrameworkServicesBuilder.<>c.<TryAddCoreServices>b__8_4(IServiceProvider p)
[xUnit.net 00:00:00.97]            at Microsoft.Extensions.DependencyInjection.ServiceLookup.CallSiteRuntimeResolver.VisitCache(ServiceCallSite callSite, RuntimeResolverContext context, ServiceProviderEngineScope serviceProviderEngine, RuntimeResolverLock lockType)
[xUnit.net 00:00:00.97]            at Microsoft.Extensions.DependencyInjection.ServiceLookup.CallSiteRuntimeResolver.VisitScopeCache(ServiceCallSite callSite, RuntimeResolverContext context)
[xUnit.net 00:00:00.97]            at Microsoft.Extensions.DependencyInjection.ServiceLookup.CallSiteRuntimeResolver.VisitConstructor(ConstructorCallSite constructorCallSite, RuntimeResolverContext context)
[xUnit.net 00:00:00.97]            at Microsoft.Extensions.DependencyInjection.ServiceLookup.CallSiteRuntimeResolver.VisitCache(ServiceCallSite callSite, RuntimeResolverContext context, ServiceProviderEngineScope serviceProviderEngine, RuntimeResolverLock lockType)
[xUnit.net 00:00:00.97]            at Microsoft.Extensions.DependencyInjection.ServiceLookup.CallSiteRuntimeResolver.VisitScopeCache(ServiceCallSite callSite, RuntimeResolverContext context)
[xUnit.net 00:00:00.97]            at Microsoft.Extensions.DependencyInjection.ServiceLookup.CallSiteRuntimeResolver.VisitConstructor(ConstructorCallSite constructorCallSite, RuntimeResolverContext context)
[xUnit.net 00:00:00.97]            at Microsoft.Extensions.DependencyInjection.ServiceLookup.CallSiteRuntimeResolver.VisitCache(ServiceCallSite callSite, RuntimeResolverContext context, ServiceProviderEngineScope serviceProviderEngine, RuntimeResolverLock lockType)
[xUnit.net 00:00:00.97]            at Microsoft.Extensions.DependencyInjection.ServiceLookup.CallSiteRuntimeResolver.VisitScopeCache(ServiceCallSite callSite, RuntimeResolverContext context)
[xUnit.net 00:00:00.97]            at Microsoft.Extensions.DependencyInjection.ServiceLookup.CallSiteRuntimeResolver.VisitConstructor(ConstructorCallSite constructorCallSite, RuntimeResolverContext context)
[xUnit.net 00:00:00.97]            at Microsoft.Extensions.DependencyInjection.ServiceLookup.CallSiteRuntimeResolver.VisitCache(ServiceCallSite callSite, RuntimeResolverContext context, ServiceProviderEngineScope serviceProviderEngine, RuntimeResolverLock lockType)
[xUnit.net 00:00:00.97]            at Microsoft.Extensions.DependencyInjection.ServiceLookup.CallSiteRuntimeResolver.VisitScopeCache(ServiceCallSite callSite, RuntimeResolverContext context)
[xUnit.net 00:00:00.97]            at Microsoft.Extensions.DependencyInjection.ServiceLookup.CallSiteRuntimeResolver.VisitConstructor(ConstructorCallSite constructorCallSite, RuntimeResolverContext context)
[xUnit.net 00:00:00.97]            at Microsoft.Extensions.DependencyInjection.ServiceLookup.CallSiteRuntimeResolver.VisitCache(ServiceCallSite callSite, RuntimeResolverContext context, ServiceProviderEngineScope serviceProviderEngine, RuntimeResolverLock lockType)
[xUnit.net 00:00:00.97]            at Microsoft.Extensions.DependencyInjection.ServiceLookup.CallSiteRuntimeResolver.VisitScopeCache(ServiceCallSite callSite, RuntimeResolverContext context)
[xUnit.net 00:00:00.97]            at Microsoft.Extensions.DependencyInjection.ServiceLookup.CallSiteRuntimeResolver.VisitConstructor(ConstructorCallSite constructorCallSite, RuntimeResolverContext context)
[xUnit.net 00:00:00.97]            at Microsoft.Extensions.DependencyInjection.ServiceLookup.CallSiteRuntimeResolver.VisitCache(ServiceCallSite callSite, RuntimeResolverContext context, ServiceProviderEngineScope serviceProviderEngine, RuntimeResolverLock lockType)
[xUnit.net 00:00:00.97]            at Microsoft.Extensions.DependencyInjection.ServiceLookup.CallSiteRuntimeResolver.VisitScopeCache(ServiceCallSite callSite, RuntimeResolverContext context)
[xUnit.net 00:00:00.97]            at Microsoft.Extensions.DependencyInjection.ServiceLookup.CallSiteRuntimeResolver.Resolve(ServiceCallSite callSite, ServiceProviderEngineScope scope)
[xUnit.net 00:00:00.97]            at Microsoft.Extensions.DependencyInjection.ServiceLookup.DynamicServiceProviderEngine.<>c__DisplayClass2_0.<RealizeService>b__0(ServiceProviderEngineScope scope)
[xUnit.net 00:00:00.97]            at Microsoft.Extensions.DependencyInjection.ServiceProvider.GetService(ServiceIdentifier serviceIdentifier, ServiceProviderEngineScope serviceProviderEngineScope)
[xUnit.net 00:00:00.97]            at Microsoft.Extensions.DependencyInjection.ServiceLookup.ServiceProviderEngineScope.GetService(Type serviceType)
[xUnit.net 00:00:00.98]            at Microsoft.Extensions.DependencyInjection.ServiceProviderServiceExtensions.GetRequiredService(IServiceProvider provider, Type serviceType)
[xUnit.net 00:00:00.98]            at Microsoft.Extensions.DependencyInjection.ServiceProviderServiceExtensions.GetRequiredService[T](IServiceProvider provider)
[xUnit.net 00:00:00.98]            at Microsoft.EntityFrameworkCore.DbContext.get_DbContextDependencies()
[xUnit.net 00:00:00.98]            at Microsoft.EntityFrameworkCore.DbContext.get_ContextServices()
[xUnit.net 00:00:00.98]            at Microsoft.EntityFrameworkCore.DbContext.get_Model()
[xUnit.net 00:00:00.98]            at Microsoft.EntityFrameworkCore.Internal.InternalDbSet`1.get_EntityType()
[xUnit.net 00:00:00.98]            at Microsoft.EntityFrameworkCore.Internal.InternalDbSet`1.CheckState()
[xUnit.net 00:00:00.98]            at Microsoft.EntityFrameworkCore.Internal.InternalDbSet`1.get_EntityQueryable()
[xUnit.net 00:00:00.98]            at Microsoft.EntityFrameworkCore.Internal.InternalDbSet`1.System.Linq.IQueryable.get_Provider()
[xUnit.net 00:00:00.98]            at Microsoft.EntityFrameworkCore.EntityFrameworkQueryableExtensions.ExecuteAsync[TSource,TResult](MethodInfo operatorMethodInfo, IQueryable`1 source, Expression expression, CancellationToken cancellationToken)
[xUnit.net 00:00:00.98]            at Microsoft.EntityFrameworkCore.EntityFrameworkQueryableExtensions.ExecuteAsync[TSource,TResult](MethodInfo operatorMethodInfo, IQueryable`1 source, LambdaExpression expression, CancellationToken cancellationToken)
[xUnit.net 00:00:00.98]            at Microsoft.EntityFrameworkCore.EntityFrameworkQueryableExtensions.FirstOrDefaultAsync[TSource](IQueryable`1 source, Expression`1 predicate, CancellationToken cancellationToken)
[xUnit.net 00:00:00.98]         C:\Pos\QuartaFase\OSService\FiapOficina.OSService\src\FiapOficina.OSService.Api\Controllers\UserController.cs(36,0): at FiapOficina.OSService.Api.Controllers.UserController.Login(LoginRequest request)
[xUnit.net 00:00:00.98]         C:\Pos\QuartaFase\OSService\FiapOficina.OSService\tests\FiapOficina.OSService.Tests\UserControllerTests.cs(167,0): at FiapOficina.OSService.Tests.UserControllerTests.Login_ShouldReturnNotFound_WhenUserDoesNotExist()
[xUnit.net 00:00:00.98]         --- End of stack trace from previous location ---
[xUnit.net 00:00:00.98]   Finished:    FiapOficina.OSService.Tests
  Com falha FiapOficina.OSService.Tests.UserControllerTests.CreateUser_ShouldReturnBadRequest_WhenUsernameAlreadyExists [418 ms]
  Mensagem de erro:
   System.InvalidOperationException : The entity type 'OrderState' requires a primary key to be defined. If you intended to use a keyless entity type, call 'HasNoKey' in 'OnModelCreating'. For more information on keyless entity types, see https://go.microsoft.com/fwlink/?linkid=2141943.
  Rastreamento de pilha:
     at Microsoft.EntityFrameworkCore.Infrastructure.ModelValidator.ValidateNonNullPrimaryKeys(IModel model, IDiagnosticsLogger`1 logger)
   at Microsoft.EntityFrameworkCore.Infrastructure.ModelValidator.Validate(IModel model, IDiagnosticsLogger`1 logger)
   at Microsoft.EntityFrameworkCore.InMemory.Infrastructure.Internal.InMemoryModelValidator.Validate(IModel model, IDiagnosticsLogger`1 logger)
   at Microsoft.EntityFrameworkCore.Infrastructure.ModelRuntimeInitializer.Initialize(IModel model, Boolean designTime, IDiagnosticsLogger`1 validationLogger)
   at Microsoft.EntityFrameworkCore.Infrastructure.ModelSource.CreateModel(DbContext context, ModelCreationDependencies modelCreationDependencies, Boolean designTime)
   at Microsoft.EntityFrameworkCore.Infrastructure.ModelSource.GetModel(DbContext context, ModelCreationDependencies modelCreationDependencies, Boolean designTime)
   at Microsoft.EntityFrameworkCore.Internal.DbContextServices.CreateModel(Boolean designTime)
   at Microsoft.EntityFrameworkCore.Internal.DbContextServices.get_Model()
   at Microsoft.EntityFrameworkCore.Infrastructure.EntityFrameworkServicesBuilder.<>c.<TryAddCoreServices>b__8_4(IServiceProvider p)
   at Microsoft.Extensions.DependencyInjection.ServiceLookup.CallSiteRuntimeResolver.VisitCache(ServiceCallSite callSite, RuntimeResolverContext context, ServiceProviderEngineScope serviceProviderEngine, RuntimeResolverLock lockType)
   at Microsoft.Extensions.DependencyInjection.ServiceLookup.CallSiteRuntimeResolver.VisitScopeCache(ServiceCallSite callSite, RuntimeResolverContext context)
   at Microsoft.Extensions.DependencyInjection.ServiceLookup.CallSiteRuntimeResolver.VisitConstructor(ConstructorCallSite constructorCallSite, RuntimeResolverContext context)
   at Microsoft.Extensions.DependencyInjection.ServiceLookup.CallSiteRuntimeResolver.VisitCache(ServiceCallSite callSite, RuntimeResolverContext context, ServiceProviderEngineScope serviceProviderEngine, RuntimeResolverLock lockType)
   at Microsoft.Extensions.DependencyInjection.ServiceLookup.CallSiteRuntimeResolver.VisitScopeCache(ServiceCallSite callSite, RuntimeResolverContext context)
   at Microsoft.Extensions.DependencyInjection.ServiceLookup.CallSiteRuntimeResolver.VisitConstructor(ConstructorCallSite constructorCallSite, RuntimeResolverContext context)
   at Microsoft.Extensions.DependencyInjection.ServiceLookup.CallSiteRuntimeResolver.VisitCache(ServiceCallSite callSite, RuntimeResolverContext context, ServiceProviderEngineScope serviceProviderEngine, RuntimeResolverLock lockType)
   at Microsoft.Extensions.DependencyInjection.ServiceLookup.CallSiteRuntimeResolver.VisitScopeCache(ServiceCallSite callSite, RuntimeResolverContext context)
   at Microsoft.Extensions.DependencyInjection.ServiceLookup.CallSiteRuntimeResolver.VisitConstructor(ConstructorCallSite constructorCallSite, RuntimeResolverContext context)
   at Microsoft.Extensions.DependencyInjection.ServiceLookup.CallSiteRuntimeResolver.VisitCache(ServiceCallSite callSite, RuntimeResolverContext context, ServiceProviderEngineScope serviceProviderEngine, RuntimeResolverLock lockType)
   at Microsoft.Extensions.DependencyInjection.ServiceLookup.CallSiteRuntimeResolver.VisitScopeCache(ServiceCallSite callSite, RuntimeResolverContext context)
   at Microsoft.Extensions.DependencyInjection.ServiceLookup.CallSiteRuntimeResolver.VisitConstructor(ConstructorCallSite constructorCallSite, RuntimeResolverContext context)
   at Microsoft.Extensions.DependencyInjection.ServiceLookup.CallSiteRuntimeResolver.VisitCache(ServiceCallSite callSite, RuntimeResolverContext context, ServiceProviderEngineScope serviceProviderEngine, RuntimeResolverLock lockType)
   at Microsoft.Extensions.DependencyInjection.ServiceLookup.CallSiteRuntimeResolver.VisitScopeCache(ServiceCallSite callSite, RuntimeResolverContext context)
   at Microsoft.Extensions.DependencyInjection.ServiceLookup.CallSiteRuntimeResolver.VisitConstructor(ConstructorCallSite constructorCallSite, RuntimeResolverContext context)
   at Microsoft.Extensions.DependencyInjection.ServiceLookup.CallSiteRuntimeResolver.VisitCache(ServiceCallSite callSite, RuntimeResolverContext context, ServiceProviderEngineScope serviceProviderEngine, RuntimeResolverLock lockType)
   at Microsoft.Extensions.DependencyInjection.ServiceLookup.CallSiteRuntimeResolver.VisitScopeCache(ServiceCallSite callSite, RuntimeResolverContext context)
   at Microsoft.Extensions.DependencyInjection.ServiceLookup.CallSiteRuntimeResolver.Resolve(ServiceCallSite callSite, ServiceProviderEngineScope scope)
   at Microsoft.Extensions.DependencyInjection.ServiceLookup.DynamicServiceProviderEngine.<>c__DisplayClass2_0.<RealizeService>b__0(ServiceProviderEngineScope scope)
   at Microsoft.Extensions.DependencyInjection.ServiceProvider.GetService(ServiceIdentifier serviceIdentifier, ServiceProviderEngineScope serviceProviderEngineScope)
   at Microsoft.Extensions.DependencyInjection.ServiceLookup.ServiceProviderEngineScope.GetService(Type serviceType)
   at Microsoft.Extensions.DependencyInjection.ServiceProviderServiceExtensions.GetRequiredService(IServiceProvider provider, Type serviceType)
   at Microsoft.Extensions.DependencyInjection.ServiceProviderServiceExtensions.GetRequiredService[T](IServiceProvider provider)
   at Microsoft.EntityFrameworkCore.DbContext.get_DbContextDependencies()
   at Microsoft.EntityFrameworkCore.DbContext.get_ContextServices()
   at Microsoft.EntityFrameworkCore.DbContext.get_InternalServiceProvider()
   at Microsoft.EntityFrameworkCore.DbContext.get_DbContextDependencies()
   at Microsoft.EntityFrameworkCore.DbContext.Microsoft.EntityFrameworkCore.Internal.IDbContextDependencies.get_StateManager()
   at Microsoft.EntityFrameworkCore.Internal.InternalDbSet`1.EntryWithoutDetectChanges(TEntity entity)
   at Microsoft.EntityFrameworkCore.Internal.InternalDbSet`1.Add(TEntity entity)
   at FiapOficina.OSService.Tests.UserControllerTests.CreateUser_ShouldReturnBadRequest_WhenUsernameAlreadyExists() in C:\Pos\QuartaFase\OSService\FiapOficina.OSService\tests\FiapOficina.OSService.Tests\UserControllerTests.cs:line 79
--- End of stack trace from previous location ---
  Com falha FiapOficina.OSService.Tests.UserControllerTests.Login_ShouldReturnOk_WhenCredentialsAreValid [33 ms]
  Mensagem de erro:
   System.InvalidOperationException : The entity type 'OrderState' requires a primary key to be defined. If you intended to use a keyless entity type, call 'HasNoKey' in 'OnModelCreating'. For more information on keyless entity types, see https://go.microsoft.com/fwlink/?linkid=2141943.
  Rastreamento de pilha:
     at Microsoft.EntityFrameworkCore.Infrastructure.ModelValidator.ValidateNonNullPrimaryKeys(IModel model, IDiagnosticsLogger`1 logger)
   at Microsoft.EntityFrameworkCore.Infrastructure.ModelValidator.Validate(IModel model, IDiagnosticsLogger`1 logger)
   at Microsoft.EntityFrameworkCore.InMemory.Infrastructure.Internal.InMemoryModelValidator.Validate(IModel model, IDiagnosticsLogger`1 logger)
   at Microsoft.EntityFrameworkCore.Infrastructure.ModelRuntimeInitializer.Initialize(IModel model, Boolean designTime, IDiagnosticsLogger`1 validationLogger)
   at Microsoft.EntityFrameworkCore.Infrastructure.ModelSource.CreateModel(DbContext context, ModelCreationDependencies modelCreationDependencies, Boolean designTime)
   at Microsoft.EntityFrameworkCore.Infrastructure.ModelSource.GetModel(DbContext context, ModelCreationDependencies modelCreationDependencies, Boolean designTime)
   at Microsoft.EntityFrameworkCore.Internal.DbContextServices.CreateModel(Boolean designTime)
   at Microsoft.EntityFrameworkCore.Internal.DbContextServices.get_Model()
   at Microsoft.EntityFrameworkCore.Infrastructure.EntityFrameworkServicesBuilder.<>c.<TryAddCoreServices>b__8_4(IServiceProvider p)
   at Microsoft.Extensions.DependencyInjection.ServiceLookup.CallSiteRuntimeResolver.VisitCache(ServiceCallSite callSite, RuntimeResolverContext context, ServiceProviderEngineScope serviceProviderEngine, RuntimeResolverLock lockType)
   at Microsoft.Extensions.DependencyInjection.ServiceLookup.CallSiteRuntimeResolver.VisitScopeCache(ServiceCallSite callSite, RuntimeResolverContext context)
   at Microsoft.Extensions.DependencyInjection.ServiceLookup.CallSiteRuntimeResolver.VisitConstructor(ConstructorCallSite constructorCallSite, RuntimeResolverContext context)
   at Microsoft.Extensions.DependencyInjection.ServiceLookup.CallSiteRuntimeResolver.VisitCache(ServiceCallSite callSite, RuntimeResolverContext context, ServiceProviderEngineScope serviceProviderEngine, RuntimeResolverLock lockType)
   at Microsoft.Extensions.DependencyInjection.ServiceLookup.CallSiteRuntimeResolver.VisitScopeCache(ServiceCallSite callSite, RuntimeResolverContext context)
   at Microsoft.Extensions.DependencyInjection.ServiceLookup.CallSiteRuntimeResolver.VisitConstructor(ConstructorCallSite constructorCallSite, RuntimeResolverContext context)
   at Microsoft.Extensions.DependencyInjection.ServiceLookup.CallSiteRuntimeResolver.VisitCache(ServiceCallSite callSite, RuntimeResolverContext context, ServiceProviderEngineScope serviceProviderEngine, RuntimeResolverLock lockType)
   at Microsoft.Extensions.DependencyInjection.ServiceLookup.CallSiteRuntimeResolver.VisitScopeCache(ServiceCallSite callSite, RuntimeResolverContext context)
   at Microsoft.Extensions.DependencyInjection.ServiceLookup.CallSiteRuntimeResolver.VisitConstructor(ConstructorCallSite constructorCallSite, RuntimeResolverContext context)
   at Microsoft.Extensions.DependencyInjection.ServiceLookup.CallSiteRuntimeResolver.VisitCache(ServiceCallSite callSite, RuntimeResolverContext context, ServiceProviderEngineScope serviceProviderEngine, RuntimeResolverLock lockType)
   at Microsoft.Extensions.DependencyInjection.ServiceLookup.CallSiteRuntimeResolver.VisitScopeCache(ServiceCallSite callSite, RuntimeResolverContext context)
   at Microsoft.Extensions.DependencyInjection.ServiceLookup.CallSiteRuntimeResolver.VisitConstructor(ConstructorCallSite constructorCallSite, RuntimeResolverContext context)
   at Microsoft.Extensions.DependencyInjection.ServiceLookup.CallSiteRuntimeResolver.VisitCache(ServiceCallSite callSite, RuntimeResolverContext context, ServiceProviderEngineScope serviceProviderEngine, RuntimeResolverLock lockType)
   at Microsoft.Extensions.DependencyInjection.ServiceLookup.CallSiteRuntimeResolver.VisitScopeCache(ServiceCallSite callSite, RuntimeResolverContext context)
   at Microsoft.Extensions.DependencyInjection.ServiceLookup.CallSiteRuntimeResolver.VisitConstructor(ConstructorCallSite constructorCallSite, RuntimeResolverContext context)
   at Microsoft.Extensions.DependencyInjection.ServiceLookup.CallSiteRuntimeResolver.VisitCache(ServiceCallSite callSite, RuntimeResolverContext context, ServiceProviderEngineScope serviceProviderEngine, RuntimeResolverLock lockType)
   at Microsoft.Extensions.DependencyInjection.ServiceLookup.CallSiteRuntimeResolver.VisitScopeCache(ServiceCallSite callSite, RuntimeResolverContext context)
   at Microsoft.Extensions.DependencyInjection.ServiceLookup.CallSiteRuntimeResolver.Resolve(ServiceCallSite callSite, ServiceProviderEngineScope scope)
   at Microsoft.Extensions.DependencyInjection.ServiceLookup.DynamicServiceProviderEngine.<>c__DisplayClass2_0.<RealizeService>b__0(ServiceProviderEngineScope scope)
   at Microsoft.Extensions.DependencyInjection.ServiceProvider.GetService(ServiceIdentifier serviceIdentifier, ServiceProviderEngineScope serviceProviderEngineScope)
   at Microsoft.Extensions.DependencyInjection.ServiceLookup.ServiceProviderEngineScope.GetService(Type serviceType)
   at Microsoft.Extensions.DependencyInjection.ServiceProviderServiceExtensions.GetRequiredService(IServiceProvider provider, Type serviceType)
   at Microsoft.Extensions.DependencyInjection.ServiceProviderServiceExtensions.GetRequiredService[T](IServiceProvider provider)
   at Microsoft.EntityFrameworkCore.DbContext.get_DbContextDependencies()
   at Microsoft.EntityFrameworkCore.DbContext.get_ContextServices()
   at Microsoft.EntityFrameworkCore.DbContext.get_InternalServiceProvider()
   at Microsoft.EntityFrameworkCore.DbContext.get_DbContextDependencies()
   at Microsoft.EntityFrameworkCore.DbContext.Microsoft.EntityFrameworkCore.Internal.IDbContextDependencies.get_StateManager()
   at Microsoft.EntityFrameworkCore.Internal.InternalDbSet`1.EntryWithoutDetectChanges(TEntity entity)
   at Microsoft.EntityFrameworkCore.Internal.InternalDbSet`1.Add(TEntity entity)
   at FiapOficina.OSService.Tests.UserControllerTests.Login_ShouldReturnOk_WhenCredentialsAreValid() in C:\Pos\QuartaFase\OSService\FiapOficina.OSService\tests\FiapOficina.OSService.Tests\UserControllerTests.cs:line 104
--- End of stack trace from previous location ---
  Aprovado FiapOficina.OSService.Tests.UserControllerTests.CreateUser_ShouldReturnBadRequest_WhenUsernameIsEmpty [122 ms]
  Com falha FiapOficina.OSService.Tests.UserControllerTests.GetUsers_ShouldReturnOk [25 ms]
  Mensagem de erro:
   System.InvalidOperationException : The entity type 'OrderState' requires a primary key to be defined. If you intended to use a keyless entity type, call 'HasNoKey' in 'OnModelCreating'. For more information on keyless entity types, see https://go.microsoft.com/fwlink/?linkid=2141943.
  Rastreamento de pilha:
     at Microsoft.EntityFrameworkCore.Infrastructure.ModelValidator.ValidateNonNullPrimaryKeys(IModel model, IDiagnosticsLogger`1 logger)
   at Microsoft.EntityFrameworkCore.Infrastructure.ModelValidator.Validate(IModel model, IDiagnosticsLogger`1 logger)
   at Microsoft.EntityFrameworkCore.InMemory.Infrastructure.Internal.InMemoryModelValidator.Validate(IModel model, IDiagnosticsLogger`1 logger)
   at Microsoft.EntityFrameworkCore.Infrastructure.ModelRuntimeInitializer.Initialize(IModel model, Boolean designTime, IDiagnosticsLogger`1 validationLogger)
   at Microsoft.EntityFrameworkCore.Infrastructure.ModelSource.CreateModel(DbContext context, ModelCreationDependencies modelCreationDependencies, Boolean designTime)
   at Microsoft.EntityFrameworkCore.Infrastructure.ModelSource.GetModel(DbContext context, ModelCreationDependencies modelCreationDependencies, Boolean designTime)
   at Microsoft.EntityFrameworkCore.Internal.DbContextServices.CreateModel(Boolean designTime)
   at Microsoft.EntityFrameworkCore.Internal.DbContextServices.get_Model()
   at Microsoft.EntityFrameworkCore.Infrastructure.EntityFrameworkServicesBuilder.<>c.<TryAddCoreServices>b__8_4(IServiceProvider p)
   at Microsoft.Extensions.DependencyInjection.ServiceLookup.CallSiteRuntimeResolver.VisitCache(ServiceCallSite callSite, RuntimeResolverContext context, ServiceProviderEngineScope serviceProviderEngine, RuntimeResolverLock lockType)
   at Microsoft.Extensions.DependencyInjection.ServiceLookup.CallSiteRuntimeResolver.VisitScopeCache(ServiceCallSite callSite, RuntimeResolverContext context)
   at Microsoft.Extensions.DependencyInjection.ServiceLookup.CallSiteRuntimeResolver.VisitConstructor(ConstructorCallSite constructorCallSite, RuntimeResolverContext context)
   at Microsoft.Extensions.DependencyInjection.ServiceLookup.CallSiteRuntimeResolver.VisitCache(ServiceCallSite callSite, RuntimeResolverContext context, ServiceProviderEngineScope serviceProviderEngine, RuntimeResolverLock lockType)
   at Microsoft.Extensions.DependencyInjection.ServiceLookup.CallSiteRuntimeResolver.VisitScopeCache(ServiceCallSite callSite, RuntimeResolverContext context)
   at Microsoft.Extensions.DependencyInjection.ServiceLookup.CallSiteRuntimeResolver.VisitConstructor(ConstructorCallSite constructorCallSite, RuntimeResolverContext context)
   at Microsoft.Extensions.DependencyInjection.ServiceLookup.CallSiteRuntimeResolver.VisitCache(ServiceCallSite callSite, RuntimeResolverContext context, ServiceProviderEngineScope serviceProviderEngine, RuntimeResolverLock lockType)
   at Microsoft.Extensions.DependencyInjection.ServiceLookup.CallSiteRuntimeResolver.VisitScopeCache(ServiceCallSite callSite, RuntimeResolverContext context)
   at Microsoft.Extensions.DependencyInjection.ServiceLookup.CallSiteRuntimeResolver.VisitConstructor(ConstructorCallSite constructorCallSite, RuntimeResolverContext context)
   at Microsoft.Extensions.DependencyInjection.ServiceLookup.CallSiteRuntimeResolver.VisitCache(ServiceCallSite callSite, RuntimeResolverContext context, ServiceProviderEngineScope serviceProviderEngine, RuntimeResolverLock lockType)
   at Microsoft.Extensions.DependencyInjection.ServiceLookup.CallSiteRuntimeResolver.VisitScopeCache(ServiceCallSite callSite, RuntimeResolverContext context)
   at Microsoft.Extensions.DependencyInjection.ServiceLookup.CallSiteRuntimeResolver.VisitConstructor(ConstructorCallSite constructorCallSite, RuntimeResolverContext context)
   at Microsoft.Extensions.DependencyInjection.ServiceLookup.CallSiteRuntimeResolver.VisitCache(ServiceCallSite callSite, RuntimeResolverContext context, ServiceProviderEngineScope serviceProviderEngine, RuntimeResolverLock lockType)
   at Microsoft.Extensions.DependencyInjection.ServiceLookup.CallSiteRuntimeResolver.VisitScopeCache(ServiceCallSite callSite, RuntimeResolverContext context)
   at Microsoft.Extensions.DependencyInjection.ServiceLookup.CallSiteRuntimeResolver.VisitConstructor(ConstructorCallSite constructorCallSite, RuntimeResolverContext context)
   at Microsoft.Extensions.DependencyInjection.ServiceLookup.CallSiteRuntimeResolver.VisitCache(ServiceCallSite callSite, RuntimeResolverContext context, ServiceProviderEngineScope serviceProviderEngine, RuntimeResolverLock lockType)
   at Microsoft.Extensions.DependencyInjection.ServiceLookup.CallSiteRuntimeResolver.VisitScopeCache(ServiceCallSite callSite, RuntimeResolverContext context)
   at Microsoft.Extensions.DependencyInjection.ServiceLookup.CallSiteRuntimeResolver.Resolve(ServiceCallSite callSite, ServiceProviderEngineScope scope)
   at Microsoft.Extensions.DependencyInjection.ServiceLookup.DynamicServiceProviderEngine.<>c__DisplayClass2_0.<RealizeService>b__0(ServiceProviderEngineScope scope)
   at Microsoft.Extensions.DependencyInjection.ServiceProvider.GetService(ServiceIdentifier serviceIdentifier, ServiceProviderEngineScope serviceProviderEngineScope)
   at Microsoft.Extensions.DependencyInjection.ServiceLookup.ServiceProviderEngineScope.GetService(Type serviceType)
   at Microsoft.Extensions.DependencyInjection.ServiceProviderServiceExtensions.GetRequiredService(IServiceProvider provider, Type serviceType)
   at Microsoft.Extensions.DependencyInjection.ServiceProviderServiceExtensions.GetRequiredService[T](IServiceProvider provider)
   at Microsoft.EntityFrameworkCore.DbContext.get_DbContextDependencies()
   at Microsoft.EntityFrameworkCore.DbContext.get_ContextServices()
   at Microsoft.EntityFrameworkCore.DbContext.get_InternalServiceProvider()
   at Microsoft.EntityFrameworkCore.DbContext.get_DbContextDependencies()
   at Microsoft.EntityFrameworkCore.DbContext.Microsoft.EntityFrameworkCore.Internal.IDbContextDependencies.get_StateManager()
   at Microsoft.EntityFrameworkCore.Internal.InternalDbSet`1.EntryWithoutDetectChanges(TEntity entity)
   at Microsoft.EntityFrameworkCore.Internal.InternalDbSet`1.Add(TEntity entity)
   at FiapOficina.OSService.Tests.UserControllerTests.GetUsers_ShouldReturnOk() in C:\Pos\QuartaFase\OSService\FiapOficina.OSService\tests\FiapOficina.OSService.Tests\UserControllerTests.cs:line 177
--- End of stack trace from previous location ---
  Com falha FiapOficina.OSService.Tests.UserControllerTests.CreateUser_ShouldReturnOk_WhenRequestIsValid [50 ms]
  Mensagem de erro:
   System.InvalidOperationException : The entity type 'OrderState' requires a primary key to be defined. If you intended to use a keyless entity type, call 'HasNoKey' in 'OnModelCreating'. For more information on keyless entity types, see https://go.microsoft.com/fwlink/?linkid=2141943.
  Rastreamento de pilha:
     at Microsoft.EntityFrameworkCore.Infrastructure.ModelValidator.ValidateNonNullPrimaryKeys(IModel model, IDiagnosticsLogger`1 logger)
   at Microsoft.EntityFrameworkCore.Infrastructure.ModelValidator.Validate(IModel model, IDiagnosticsLogger`1 logger)
   at Microsoft.EntityFrameworkCore.InMemory.Infrastructure.Internal.InMemoryModelValidator.Validate(IModel model, IDiagnosticsLogger`1 logger)
   at Microsoft.EntityFrameworkCore.Infrastructure.ModelRuntimeInitializer.Initialize(IModel model, Boolean designTime, IDiagnosticsLogger`1 validationLogger)
   at Microsoft.EntityFrameworkCore.Infrastructure.ModelSource.CreateModel(DbContext context, ModelCreationDependencies modelCreationDependencies, Boolean designTime)
   at Microsoft.EntityFrameworkCore.Infrastructure.ModelSource.GetModel(DbContext context, ModelCreationDependencies modelCreationDependencies, Boolean designTime)
   at Microsoft.EntityFrameworkCore.Internal.DbContextServices.CreateModel(Boolean designTime)
   at Microsoft.EntityFrameworkCore.Internal.DbContextServices.get_Model()
   at Microsoft.EntityFrameworkCore.Infrastructure.EntityFrameworkServicesBuilder.<>c.<TryAddCoreServices>b__8_4(IServiceProvider p)
   at Microsoft.Extensions.DependencyInjection.ServiceLookup.CallSiteRuntimeResolver.VisitCache(ServiceCallSite callSite, RuntimeResolverContext context, ServiceProviderEngineScope serviceProviderEngine, RuntimeResolverLock lockType)
   at Microsoft.Extensions.DependencyInjection.ServiceLookup.CallSiteRuntimeResolver.VisitScopeCache(ServiceCallSite callSite, RuntimeResolverContext context)
   at Microsoft.Extensions.DependencyInjection.ServiceLookup.CallSiteRuntimeResolver.VisitConstructor(ConstructorCallSite constructorCallSite, RuntimeResolverContext context)
   at Microsoft.Extensions.DependencyInjection.ServiceLookup.CallSiteRuntimeResolver.VisitCache(ServiceCallSite callSite, RuntimeResolverContext context, ServiceProviderEngineScope serviceProviderEngine, RuntimeResolverLock lockType)
   at Microsoft.Extensions.DependencyInjection.ServiceLookup.CallSiteRuntimeResolver.VisitScopeCache(ServiceCallSite callSite, RuntimeResolverContext context)
   at Microsoft.Extensions.DependencyInjection.ServiceLookup.CallSiteRuntimeResolver.VisitConstructor(ConstructorCallSite constructorCallSite, RuntimeResolverContext context)
   at Microsoft.Extensions.DependencyInjection.ServiceLookup.CallSiteRuntimeResolver.VisitCache(ServiceCallSite callSite, RuntimeResolverContext context, ServiceProviderEngineScope serviceProviderEngine, RuntimeResolverLock lockType)
   at Microsoft.Extensions.DependencyInjection.ServiceLookup.CallSiteRuntimeResolver.VisitScopeCache(ServiceCallSite callSite, RuntimeResolverContext context)
   at Microsoft.Extensions.DependencyInjection.ServiceLookup.CallSiteRuntimeResolver.VisitConstructor(ConstructorCallSite constructorCallSite, RuntimeResolverContext context)
   at Microsoft.Extensions.DependencyInjection.ServiceLookup.CallSiteRuntimeResolver.VisitCache(ServiceCallSite callSite, RuntimeResolverContext context, ServiceProviderEngineScope serviceProviderEngine, RuntimeResolverLock lockType)
   at Microsoft.Extensions.DependencyInjection.ServiceLookup.CallSiteRuntimeResolver.VisitScopeCache(ServiceCallSite callSite, RuntimeResolverContext context)
   at Microsoft.Extensions.DependencyInjection.ServiceLookup.CallSiteRuntimeResolver.VisitConstructor(ConstructorCallSite constructorCallSite, RuntimeResolverContext context)
   at Microsoft.Extensions.DependencyInjection.ServiceLookup.CallSiteRuntimeResolver.VisitCache(ServiceCallSite callSite, RuntimeResolverContext context, ServiceProviderEngineScope serviceProviderEngine, RuntimeResolverLock lockType)
   at Microsoft.Extensions.DependencyInjection.ServiceLookup.CallSiteRuntimeResolver.VisitScopeCache(ServiceCallSite callSite, RuntimeResolverContext context)
   at Microsoft.Extensions.DependencyInjection.ServiceLookup.CallSiteRuntimeResolver.VisitConstructor(ConstructorCallSite constructorCallSite, RuntimeResolverContext context)
   at Microsoft.Extensions.DependencyInjection.ServiceLookup.CallSiteRuntimeResolver.VisitCache(ServiceCallSite callSite, RuntimeResolverContext context, ServiceProviderEngineScope serviceProviderEngine, RuntimeResolverLock lockType)
   at Microsoft.Extensions.DependencyInjection.ServiceLookup.CallSiteRuntimeResolver.VisitScopeCache(ServiceCallSite callSite, RuntimeResolverContext context)
   at Microsoft.Extensions.DependencyInjection.ServiceLookup.CallSiteRuntimeResolver.Resolve(ServiceCallSite callSite, ServiceProviderEngineScope scope)
   at Microsoft.Extensions.DependencyInjection.ServiceLookup.DynamicServiceProviderEngine.<>c__DisplayClass2_0.<RealizeService>b__0(ServiceProviderEngineScope scope)
   at Microsoft.Extensions.DependencyInjection.ServiceProvider.GetService(ServiceIdentifier serviceIdentifier, ServiceProviderEngineScope serviceProviderEngineScope)
   at Microsoft.Extensions.DependencyInjection.ServiceLookup.ServiceProviderEngineScope.GetService(Type serviceType)
   at Microsoft.Extensions.DependencyInjection.ServiceProviderServiceExtensions.GetRequiredService(IServiceProvider provider, Type serviceType)
   at Microsoft.Extensions.DependencyInjection.ServiceProviderServiceExtensions.GetRequiredService[T](IServiceProvider provider)
   at Microsoft.EntityFrameworkCore.DbContext.get_DbContextDependencies()
   at Microsoft.EntityFrameworkCore.DbContext.get_ContextServices()
   at Microsoft.EntityFrameworkCore.DbContext.get_Model()
   at Microsoft.EntityFrameworkCore.Internal.InternalDbSet`1.get_EntityType()
   at Microsoft.EntityFrameworkCore.Internal.InternalDbSet`1.CheckState()
   at Microsoft.EntityFrameworkCore.Internal.InternalDbSet`1.get_EntityQueryable()
   at Microsoft.EntityFrameworkCore.Internal.InternalDbSet`1.System.Linq.IQueryable.get_Provider()
   at Microsoft.EntityFrameworkCore.EntityFrameworkQueryableExtensions.ExecuteAsync[TSource,TResult](MethodInfo operatorMethodInfo, IQueryable`1 source, Expression expression, CancellationToken cancellationToken)
   at Microsoft.EntityFrameworkCore.EntityFrameworkQueryableExtensions.ExecuteAsync[TSource,TResult](MethodInfo operatorMethodInfo, IQueryable`1 source, LambdaExpression expression, CancellationToken cancellationToken)
   at Microsoft.EntityFrameworkCore.EntityFrameworkQueryableExtensions.AnyAsync[TSource](IQueryable`1 source, Expression`1 predicate, CancellationToken cancellationToken)
   at FiapOficina.OSService.Api.Controllers.UserController.CreateUser(User user) in C:\Pos\QuartaFase\OSService\FiapOficina.OSService\src\FiapOficina.OSService.Api\Controllers\UserController.cs:line 60
   at FiapOficina.OSService.Tests.UserControllerTests.CreateUser_ShouldReturnOk_WhenRequestIsValid() in C:\Pos\QuartaFase\OSService\FiapOficina.OSService\tests\FiapOficina.OSService.Tests\UserControllerTests.cs:line 50
--- End of stack trace from previous location ---
  Com falha FiapOficina.OSService.Tests.UserControllerTests.Login_ShouldReturnUnauthorized_WhenPasswordIsIncorrect [6 ms]
  Mensagem de erro:
   System.InvalidOperationException : The entity type 'OrderState' requires a primary key to be defined. If you intended to use a keyless entity type, call 'HasNoKey' in 'OnModelCreating'. For more information on keyless entity types, see https://go.microsoft.com/fwlink/?linkid=2141943.
  Rastreamento de pilha:
     at Microsoft.EntityFrameworkCore.Infrastructure.ModelValidator.ValidateNonNullPrimaryKeys(IModel model, IDiagnosticsLogger`1 logger)
   at Microsoft.EntityFrameworkCore.Infrastructure.ModelValidator.Validate(IModel model, IDiagnosticsLogger`1 logger)
   at Microsoft.EntityFrameworkCore.InMemory.Infrastructure.Internal.InMemoryModelValidator.Validate(IModel model, IDiagnosticsLogger`1 logger)
   at Microsoft.EntityFrameworkCore.Infrastructure.ModelRuntimeInitializer.Initialize(IModel model, Boolean designTime, IDiagnosticsLogger`1 validationLogger)
   at Microsoft.EntityFrameworkCore.Infrastructure.ModelSource.CreateModel(DbContext context, ModelCreationDependencies modelCreationDependencies, Boolean designTime)
   at Microsoft.EntityFrameworkCore.Infrastructure.ModelSource.GetModel(DbContext context, ModelCreationDependencies modelCreationDependencies, Boolean designTime)
   at Microsoft.EntityFrameworkCore.Internal.DbContextServices.CreateModel(Boolean designTime)
   at Microsoft.EntityFrameworkCore.Internal.DbContextServices.get_Model()
   at Microsoft.EntityFrameworkCore.Infrastructure.EntityFrameworkServicesBuilder.<>c.<TryAddCoreServices>b__8_4(IServiceProvider p)
   at Microsoft.Extensions.DependencyInjection.ServiceLookup.CallSiteRuntimeResolver.VisitCache(ServiceCallSite callSite, RuntimeResolverContext context, ServiceProviderEngineScope serviceProviderEngine, RuntimeResolverLock lockType)
   at Microsoft.Extensions.DependencyInjection.ServiceLookup.CallSiteRuntimeResolver.VisitScopeCache(ServiceCallSite callSite, RuntimeResolverContext context)
   at Microsoft.Extensions.DependencyInjection.ServiceLookup.CallSiteRuntimeResolver.VisitConstructor(ConstructorCallSite constructorCallSite, RuntimeResolverContext context)
   at Microsoft.Extensions.DependencyInjection.ServiceLookup.CallSiteRuntimeResolver.VisitCache(ServiceCallSite callSite, RuntimeResolverContext context, ServiceProviderEngineScope serviceProviderEngine, RuntimeResolverLock lockType)
   at Microsoft.Extensions.DependencyInjection.ServiceLookup.CallSiteRuntimeResolver.VisitScopeCache(ServiceCallSite callSite, RuntimeResolverContext context)
   at Microsoft.Extensions.DependencyInjection.ServiceLookup.CallSiteRuntimeResolver.VisitConstructor(ConstructorCallSite constructorCallSite, RuntimeResolverContext context)
   at Microsoft.Extensions.DependencyInjection.ServiceLookup.CallSiteRuntimeResolver.VisitCache(ServiceCallSite callSite, RuntimeResolverContext context, ServiceProviderEngineScope serviceProviderEngine, RuntimeResolverLock lockType)
   at Microsoft.Extensions.DependencyInjection.ServiceLookup.CallSiteRuntimeResolver.VisitScopeCache(ServiceCallSite callSite, RuntimeResolverContext context)
   at Microsoft.Extensions.DependencyInjection.ServiceLookup.CallSiteRuntimeResolver.VisitConstructor(ConstructorCallSite constructorCallSite, RuntimeResolverContext context)
   at Microsoft.Extensions.DependencyInjection.ServiceLookup.CallSiteRuntimeResolver.VisitCache(ServiceCallSite callSite, RuntimeResolverContext context, ServiceProviderEngineScope serviceProviderEngine, RuntimeResolverLock lockType)
   at Microsoft.Extensions.DependencyInjection.ServiceLookup.CallSiteRuntimeResolver.VisitScopeCache(ServiceCallSite callSite, RuntimeResolverContext context)
   at Microsoft.Extensions.DependencyInjection.ServiceLookup.CallSiteRuntimeResolver.VisitConstructor(ConstructorCallSite constructorCallSite, RuntimeResolverContext context)
   at Microsoft.Extensions.DependencyInjection.ServiceLookup.CallSiteRuntimeResolver.VisitCache(ServiceCallSite callSite, RuntimeResolverContext context, ServiceProviderEngineScope serviceProviderEngine, RuntimeResolverLock lockType)
   at Microsoft.Extensions.DependencyInjection.ServiceLookup.CallSiteRuntimeResolver.VisitScopeCache(ServiceCallSite callSite, RuntimeResolverContext context)
   at Microsoft.Extensions.DependencyInjection.ServiceLookup.CallSiteRuntimeResolver.VisitConstructor(ConstructorCallSite constructorCallSite, RuntimeResolverContext context)
   at Microsoft.Extensions.DependencyInjection.ServiceLookup.CallSiteRuntimeResolver.VisitCache(ServiceCallSite callSite, RuntimeResolverContext context, ServiceProviderEngineScope serviceProviderEngine, RuntimeResolverLock lockType)
   at Microsoft.Extensions.DependencyInjection.ServiceLookup.CallSiteRuntimeResolver.VisitScopeCache(ServiceCallSite callSite, RuntimeResolverContext context)
   at Microsoft.Extensions.DependencyInjection.ServiceLookup.CallSiteRuntimeResolver.Resolve(ServiceCallSite callSite, ServiceProviderEngineScope scope)
   at Microsoft.Extensions.DependencyInjection.ServiceLookup.DynamicServiceProviderEngine.<>c__DisplayClass2_0.<RealizeService>b__0(ServiceProviderEngineScope scope)
   at Microsoft.Extensions.DependencyInjection.ServiceProvider.GetService(ServiceIdentifier serviceIdentifier, ServiceProviderEngineScope serviceProviderEngineScope)
   at Microsoft.Extensions.DependencyInjection.ServiceLookup.ServiceProviderEngineScope.GetService(Type serviceType)
   at Microsoft.Extensions.DependencyInjection.ServiceProviderServiceExtensions.GetRequiredService(IServiceProvider provider, Type serviceType)
   at Microsoft.Extensions.DependencyInjection.ServiceProviderServiceExtensions.GetRequiredService[T](IServiceProvider provider)
   at Microsoft.EntityFrameworkCore.DbContext.get_DbContextDependencies()
   at Microsoft.EntityFrameworkCore.DbContext.get_ContextServices()
   at Microsoft.EntityFrameworkCore.DbContext.get_InternalServiceProvider()
   at Microsoft.EntityFrameworkCore.DbContext.get_DbContextDependencies()
   at Microsoft.EntityFrameworkCore.DbContext.Microsoft.EntityFrameworkCore.Internal.IDbContextDependencies.get_StateManager()
   at Microsoft.EntityFrameworkCore.Internal.InternalDbSet`1.EntryWithoutDetectChanges(TEntity entity)
   at Microsoft.EntityFrameworkCore.Internal.InternalDbSet`1.Add(TEntity entity)
   at FiapOficina.OSService.Tests.UserControllerTests.Login_ShouldReturnUnauthorized_WhenPasswordIsIncorrect() in C:\Pos\QuartaFase\OSService\FiapOficina.OSService\tests\FiapOficina.OSService.Tests\UserControllerTests.cs:line 146
--- End of stack trace from previous location ---
  Aprovado FiapOficina.OSService.Tests.UserControllerTests.Login_ShouldReturnBadRequest_WhenUsernameIsEmpty [7 ms]
  Com falha FiapOficina.OSService.Tests.UserControllerTests.Login_ShouldReturnNotFound_WhenUserDoesNotExist [11 ms]
  Mensagem de erro:
   System.InvalidOperationException : The entity type 'OrderState' requires a primary key to be defined. If you intended to use a keyless entity type, call 'HasNoKey' in 'OnModelCreating'. For more information on keyless entity types, see https://go.microsoft.com/fwlink/?linkid=2141943.
  Rastreamento de pilha:
     at Microsoft.EntityFrameworkCore.Infrastructure.ModelValidator.ValidateNonNullPrimaryKeys(IModel model, IDiagnosticsLogger`1 logger)
   at Microsoft.EntityFrameworkCore.Infrastructure.ModelValidator.Validate(IModel model, IDiagnosticsLogger`1 logger)
   at Microsoft.EntityFrameworkCore.InMemory.Infrastructure.Internal.InMemoryModelValidator.Validate(IModel model, IDiagnosticsLogger`1 logger)
   at Microsoft.EntityFrameworkCore.Infrastructure.ModelRuntimeInitializer.Initialize(IModel model, Boolean designTime, IDiagnosticsLogger`1 validationLogger)
   at Microsoft.EntityFrameworkCore.Infrastructure.ModelSource.CreateModel(DbContext context, ModelCreationDependencies modelCreationDependencies, Boolean designTime)
   at Microsoft.EntityFrameworkCore.Infrastructure.ModelSource.GetModel(DbContext context, ModelCreationDependencies modelCreationDependencies, Boolean designTime)
   at Microsoft.EntityFrameworkCore.Internal.DbContextServices.CreateModel(Boolean designTime)
   at Microsoft.EntityFrameworkCore.Internal.DbContextServices.get_Model()
   at Microsoft.EntityFrameworkCore.Infrastructure.EntityFrameworkServicesBuilder.<>c.<TryAddCoreServices>b__8_4(IServiceProvider p)
   at Microsoft.Extensions.DependencyInjection.ServiceLookup.CallSiteRuntimeResolver.VisitCache(ServiceCallSite callSite, RuntimeResolverContext context, ServiceProviderEngineScope serviceProviderEngine, RuntimeResolverLock lockType)
   at Microsoft.Extensions.DependencyInjection.ServiceLookup.CallSiteRuntimeResolver.VisitScopeCache(ServiceCallSite callSite, RuntimeResolverContext context)
   at Microsoft.Extensions.DependencyInjection.ServiceLookup.CallSiteRuntimeResolver.VisitConstructor(ConstructorCallSite constructorCallSite, RuntimeResolverContext context)
   at Microsoft.Extensions.DependencyInjection.ServiceLookup.CallSiteRuntimeResolver.VisitCache(ServiceCallSite callSite, RuntimeResolverContext context, ServiceProviderEngineScope serviceProviderEngine, RuntimeResolverLock lockType)
   at Microsoft.Extensions.DependencyInjection.ServiceLookup.CallSiteRuntimeResolver.VisitScopeCache(ServiceCallSite callSite, RuntimeResolverContext context)
   at Microsoft.Extensions.DependencyInjection.ServiceLookup.CallSiteRuntimeResolver.VisitConstructor(ConstructorCallSite constructorCallSite, RuntimeResolverContext context)
   at Microsoft.Extensions.DependencyInjection.ServiceLookup.CallSiteRuntimeResolver.VisitCache(ServiceCallSite callSite, RuntimeResolverContext context, ServiceProviderEngineScope serviceProviderEngine, RuntimeResolverLock lockType)
   at Microsoft.Extensions.DependencyInjection.ServiceLookup.CallSiteRuntimeResolver.VisitScopeCache(ServiceCallSite callSite, RuntimeResolverContext context)
   at Microsoft.Extensions.DependencyInjection.ServiceLookup.CallSiteRuntimeResolver.VisitConstructor(ConstructorCallSite constructorCallSite, RuntimeResolverContext context)
   at Microsoft.Extensions.DependencyInjection.ServiceLookup.CallSiteRuntimeResolver.VisitCache(ServiceCallSite callSite, RuntimeResolverContext context, ServiceProviderEngineScope serviceProviderEngine, RuntimeResolverLock lockType)
   at Microsoft.Extensions.DependencyInjection.ServiceLookup.CallSiteRuntimeResolver.VisitScopeCache(ServiceCallSite callSite, RuntimeResolverContext context)
   at Microsoft.Extensions.DependencyInjection.ServiceLookup.CallSiteRuntimeResolver.VisitConstructor(ConstructorCallSite constructorCallSite, RuntimeResolverContext context)
   at Microsoft.Extensions.DependencyInjection.ServiceLookup.CallSiteRuntimeResolver.VisitCache(ServiceCallSite callSite, RuntimeResolverContext context, ServiceProviderEngineScope serviceProviderEngine, RuntimeResolverLock lockType)
   at Microsoft.Extensions.DependencyInjection.ServiceLookup.CallSiteRuntimeResolver.VisitScopeCache(ServiceCallSite callSite, RuntimeResolverContext context)
   at Microsoft.Extensions.DependencyInjection.ServiceLookup.CallSiteRuntimeResolver.VisitConstructor(ConstructorCallSite constructorCallSite, RuntimeResolverContext context)
   at Microsoft.Extensions.DependencyInjection.ServiceLookup.CallSiteRuntimeResolver.VisitCache(ServiceCallSite callSite, RuntimeResolverContext context, ServiceProviderEngineScope serviceProviderEngine, RuntimeResolverLock lockType)
   at Microsoft.Extensions.DependencyInjection.ServiceLookup.CallSiteRuntimeResolver.VisitScopeCache(ServiceCallSite callSite, RuntimeResolverContext context)
   at Microsoft.Extensions.DependencyInjection.ServiceLookup.CallSiteRuntimeResolver.Resolve(ServiceCallSite callSite, ServiceProviderEngineScope scope)
   at Microsoft.Extensions.DependencyInjection.ServiceLookup.DynamicServiceProviderEngine.<>c__DisplayClass2_0.<RealizeService>b__0(ServiceProviderEngineScope scope)
   at Microsoft.Extensions.DependencyInjection.ServiceProvider.GetService(ServiceIdentifier serviceIdentifier, ServiceProviderEngineScope serviceProviderEngineScope)
   at Microsoft.Extensions.DependencyInjection.ServiceLookup.ServiceProviderEngineScope.GetService(Type serviceType)
   at Microsoft.Extensions.DependencyInjection.ServiceProviderServiceExtensions.GetRequiredService(IServiceProvider provider, Type serviceType)
   at Microsoft.Extensions.DependencyInjection.ServiceProviderServiceExtensions.GetRequiredService[T](IServiceProvider provider)
   at Microsoft.EntityFrameworkCore.DbContext.get_DbContextDependencies()
   at Microsoft.EntityFrameworkCore.DbContext.get_ContextServices()
   at Microsoft.EntityFrameworkCore.DbContext.get_Model()
   at Microsoft.EntityFrameworkCore.Internal.InternalDbSet`1.get_EntityType()
   at Microsoft.EntityFrameworkCore.Internal.InternalDbSet`1.CheckState()
   at Microsoft.EntityFrameworkCore.Internal.InternalDbSet`1.get_EntityQueryable()
   at Microsoft.EntityFrameworkCore.Internal.InternalDbSet`1.System.Linq.IQueryable.get_Provider()
   at Microsoft.EntityFrameworkCore.EntityFrameworkQueryableExtensions.ExecuteAsync[TSource,TResult](MethodInfo operatorMethodInfo, IQueryable`1 source, Expression expression, CancellationToken cancellationToken)
   at Microsoft.EntityFrameworkCore.EntityFrameworkQueryableExtensions.ExecuteAsync[TSource,TResult](MethodInfo operatorMethodInfo, IQueryable`1 source, LambdaExpression expression, CancellationToken cancellationToken)
   at Microsoft.EntityFrameworkCore.EntityFrameworkQueryableExtensions.FirstOrDefaultAsync[TSource](IQueryable`1 source, Expression`1 predicate, CancellationToken cancellationToken)
   at FiapOficina.OSService.Api.Controllers.UserController.Login(LoginRequest request) in C:\Pos\QuartaFase\OSService\FiapOficina.OSService\src\FiapOficina.OSService.Api\Controllers\UserController.cs:line 36
   at FiapOficina.OSService.Tests.UserControllerTests.Login_ShouldReturnNotFound_WhenUserDoesNotExist() in C:\Pos\QuartaFase\OSService\FiapOficina.OSService\tests\FiapOficina.OSService.Tests\UserControllerTests.cs:line 167
--- End of stack trace from previous location ---

Total de testes: 8
     Aprovados: 2
     Com falha: 6
Tempo total: 2,4459 Segundos
